<html>
<body>
<pre>
<h1>礦ision Build Log</h1>
<h2>Project:</h2>
C:\Users\jiayun\Desktop\USB 鼠标\程序\2014.5.30\空中鼠标端\main.uvproj
Project File Date:  05/30/2014

<h2>Output:</h2>
Build target 'Target 1'
compiling main.c...
user\main.c(41): warning:  #177-D: variable "temp" was declared but never referenced
        u32 temp=0;
user\main.c: 1 warning, 0 errors
linking...
Program Size: Code=15996 RO-data=348 RW-data=92 ZI-data=740  
".\out\main.axf" - 0 Error(s), 1 Warning(s).
</pre>
</body>
</html>
0  
".\out\main.axf" - 0 Error(s), 2 Warning(s).
Load "C:\\Users\\jiayun\\Desktop\\USB 鼠标\\程序\\2014.5.30\\空中鼠标端\\out\\main.axf" 
Erase Done.
Programming Done.
Verify OK.
Application running ...
cation running ...
\jiayun\\Desktop\\USB 鼠标\\程序\\2014.5.30\\空中鼠标端\\out\\main.axf" 
Erase Done.
Programming Done.
Verify OK.
Application running ...
