Product: MDK-ARM Standard 5.10
Component: ARM Compiler 5.04 update 1 (build 49)
Tool: armlink [5040049]

==============================================================================

Section Cross References

    startup_stm32f10x_hd.o(RESET) refers to startup_stm32f10x_hd.o(.text) for Reset_Handler
    startup_stm32f10x_hd.o(RESET) refers to stm32f10x_it.o(.text) for TIM3_IRQHandler
    startup_stm32f10x_hd.o(.text) refers to startup_stm32f10x_hd.o(STACK) for __initial_sp
    startup_stm32f10x_hd.o(.text) refers to entry.o(.ARM.Collect$$$$00000000) for __main
    main.o(.text) refers to delay.o(.text) for RCC_Configuration
    main.o(.text) refers to usart.o(.text) for USART1_Configuration
    main.o(.text) refers to gpio.o(.text) for My_GPIO_Init
    main.o(.text) refers to mpu6050.o(.text) for mpu6050_Configuration
    main.o(.text) refers to nrf24l01.o(.text) for NRF24L01_Configuration
    main.o(.text) refers to adc.o(.text) for ADC_Configuration
    main.o(.text) refers to tim.o(.text) for TIM_Configuration
    main.o(.text) refers to main.o(.data) for Cont
    main.o(.text) refers to mpu6050.o(.data) for X24
    main.o(.text) refers to main.o(.bss) for TXbag
    stm32f10x_it.o(.text) refers to stm32f10x_usart.o(.text) for USART_GetITStatus
    stm32f10x_it.o(.text) refers to stm32f10x_tim.o(.text) for TIM_GetITStatus
    stm32f10x_it.o(.text) refers to mpu6050.o(.text) for mpu6050_data
    stm32f10x_it.o(.text) refers to main.o(.data) for USART_mark
    stm32f10x_it.o(.text) refers to main.o(.bss) for USART_RX
    stm32f10x_it.o(.text) refers to mpu6050.o(.data) for GYRO_AVG_X
    gpio.o(.text) refers to stm32f10x_rcc.o(.text) for RCC_APB2PeriphClockCmd
    gpio.o(.text) refers to stm32f10x_gpio.o(.text) for GPIO_Init
    usart.o(.text) refers to misc.o(.text) for NVIC_PriorityGroupConfig
    usart.o(.text) refers to stm32f10x_rcc.o(.text) for RCC_APB2PeriphClockCmd
    usart.o(.text) refers to stm32f10x_gpio.o(.text) for GPIO_Init
    usart.o(.text) refers to stm32f10x_usart.o(.text) for USART_Init
    usart.o(.text) refers to printfb.o(i.__0printf$bare) for __2printf
    usart.o(.text) refers to usart.o(.data) for USARTx_MARK
    usart.o(.text) refers to main.o(.bss) for USART_RX
    usart.o(.text) refers to main.o(.data) for USART_control
    delay.o(.text) refers to stm32f10x_rcc.o(.text) for RCC_DeInit
    delay.o(.text) refers to stm32f10x_flash.o(.text) for FLASH_SetLatency
    delay.o(.text) refers to delay.o(.data) for fac_us
    mpu6050.o(.text) refers to iic.o(.text) for IIC_Configuration
    mpu6050.o(.text) refers to mpu6050.o(.data) for GYRO_XOFFSET
    mpu6050.o(.text) refers to mpu6050.o(.bss) for mpu6050_buffer
    iic.o(.text) refers to gpio.o(.text) for My_GPIO_Init
    iic.o(.text) refers to delay.o(.text) for delay_us
    spi.o(.text) refers to stm32f10x_rcc.o(.text) for RCC_APB2PeriphClockCmd
    spi.o(.text) refers to stm32f10x_gpio.o(.text) for GPIO_Init
    spi.o(.text) refers to stm32f10x_spi.o(.text) for SPI_Init
    nrf24l01.o(.text) refers to spi.o(.text) for SPI2_Configuration
    nrf24l01.o(.text) refers to stm32f10x_rcc.o(.text) for RCC_APB2PeriphClockCmd
    nrf24l01.o(.text) refers to stm32f10x_gpio.o(.text) for GPIO_Init
    nrf24l01.o(.text) refers to nrf24l01.o(.constdata) for RX_ADDRESS
    24cxx.o(.text) refers to iic.o(.text) for IIC_Configuration
    24cxx.o(.text) refers to delay.o(.text) for delay_ms
    tim.o(.text) refers to stm32f10x_rcc.o(.text) for RCC_APB2PeriphClockCmd
    tim.o(.text) refers to stm32f10x_tim.o(.text) for TIM_TimeBaseInit
    tim.o(.text) refers to misc.o(.text) for NVIC_PriorityGroupConfig
    adc.o(.text) refers to stm32f10x_rcc.o(.text) for RCC_APB2PeriphClockCmd
    adc.o(.text) refers to stm32f10x_gpio.o(.text) for GPIO_Init
    adc.o(.text) refers to stm32f10x_adc.o(.text) for ADC_Init
    adc.o(.text) refers to f2d.o(.text) for __aeabi_f2d
    adc.o(.text) refers to cdcmple.o(.text) for __aeabi_cdcmpeq
    adc.o(.text) refers to adc.o(.data) for AD_value
    stm32f10x_adc.o(.text) refers to stm32f10x_rcc.o(.text) for RCC_APB2PeriphResetCmd
    stm32f10x_gpio.o(.text) refers to stm32f10x_rcc.o(.text) for RCC_APB2PeriphResetCmd
    stm32f10x_rcc.o(.text) refers to stm32f10x_rcc.o(.data) for APBAHBPrescTable
    stm32f10x_spi.o(.text) refers to stm32f10x_rcc.o(.text) for RCC_APB2PeriphResetCmd
    stm32f10x_tim.o(.text) refers to stm32f10x_rcc.o(.text) for RCC_APB2PeriphResetCmd
    stm32f10x_usart.o(.text) refers to stm32f10x_rcc.o(.text) for RCC_APB2PeriphResetCmd
    entry.o(.ARM.Collect$$$$00000000) refers (Special) to entry10a.o(.ARM.Collect$$$$0000000D) for __rt_final_cpp
    entry.o(.ARM.Collect$$$$00000000) refers (Special) to entry11a.o(.ARM.Collect$$$$0000000F) for __rt_final_exit
    entry.o(.ARM.Collect$$$$00000000) refers (Special) to entry7b.o(.ARM.Collect$$$$00000008) for _main_clock
    entry.o(.ARM.Collect$$$$00000000) refers (Special) to entry8b.o(.ARM.Collect$$$$0000000A) for _main_cpp_init
    entry.o(.ARM.Collect$$$$00000000) refers (Special) to entry9a.o(.ARM.Collect$$$$0000000B) for _main_init
    entry.o(.ARM.Collect$$$$00000000) refers (Special) to entry5.o(.ARM.Collect$$$$00000004) for _main_scatterload
    entry.o(.ARM.Collect$$$$00000000) refers (Special) to entry2.o(.ARM.Collect$$$$00000001) for _main_stk
    printfb.o(i.__0fprintf$bare) refers to printfb.o(i._printf_core) for _printf_core
    printfb.o(i.__0fprintf$bare) refers to usart.o(.text) for fputc
    printfb.o(i.__0printf$bare) refers to printfb.o(i._printf_core) for _printf_core
    printfb.o(i.__0printf$bare) refers to usart.o(.text) for fputc
    printfb.o(i.__0printf$bare) refers to stdout.o(.data) for __stdout
    printfb.o(i.__0snprintf$bare) refers to printfb.o(i._printf_core) for _printf_core
    printfb.o(i.__0snprintf$bare) refers to printfb.o(i._snputc) for _snputc
    printfb.o(i.__0sprintf$bare) refers to printfb.o(i._printf_core) for _printf_core
    printfb.o(i.__0sprintf$bare) refers to printfb.o(i._sputc) for _sputc
    printfb.o(i.__0vfprintf$bare) refers to printfb.o(i._printf_core) for _printf_core
    printfb.o(i.__0vfprintf$bare) refers to usart.o(.text) for fputc
    printfb.o(i.__0vprintf$bare) refers to printfb.o(i._printf_core) for _printf_core
    printfb.o(i.__0vprintf$bare) refers to usart.o(.text) for fputc
    printfb.o(i.__0vprintf$bare) refers to stdout.o(.data) for __stdout
    printfb.o(i.__0vsnprintf$bare) refers to printfb.o(i._printf_core) for _printf_core
    printfb.o(i.__0vsnprintf$bare) refers to printfb.o(i._snputc) for _snputc
    printfb.o(i.__0vsprintf$bare) refers to printfb.o(i._printf_core) for _printf_core
    printfb.o(i.__0vsprintf$bare) refers to printfb.o(i._sputc) for _sputc
    printf0.o(i.__0fprintf$0) refers to printf0.o(i._printf_core) for _printf_core
    printf0.o(i.__0fprintf$0) refers to usart.o(.text) for fputc
    printf0.o(i.__0printf$0) refers to printf0.o(i._printf_core) for _printf_core
    printf0.o(i.__0printf$0) refers to usart.o(.text) for fputc
    printf0.o(i.__0printf$0) refers to stdout.o(.data) for __stdout
    printf0.o(i.__0snprintf$0) refers to printf0.o(i._printf_core) for _printf_core
    printf0.o(i.__0snprintf$0) refers to printf0.o(i._snputc) for _snputc
    printf0.o(i.__0sprintf$0) refers to printf0.o(i._printf_core) for _printf_core
    printf0.o(i.__0sprintf$0) refers to printf0.o(i._sputc) for _sputc
    printf0.o(i.__0vfprintf$0) refers to printf0.o(i._printf_core) for _printf_core
    printf0.o(i.__0vfprintf$0) refers to usart.o(.text) for fputc
    printf0.o(i.__0vprintf$0) refers to printf0.o(i._printf_core) for _printf_core
    printf0.o(i.__0vprintf$0) refers to usart.o(.text) for fputc
    printf0.o(i.__0vprintf$0) refers to stdout.o(.data) for __stdout
    printf0.o(i.__0vsnprintf$0) refers to printf0.o(i._printf_core) for _printf_core
    printf0.o(i.__0vsnprintf$0) refers to printf0.o(i._snputc) for _snputc
    printf0.o(i.__0vsprintf$0) refers to printf0.o(i._printf_core) for _printf_core
    printf0.o(i.__0vsprintf$0) refers to printf0.o(i._sputc) for _sputc
    printf1.o(i.__0fprintf$1) refers to printf1.o(i._printf_core) for _printf_core
    printf1.o(i.__0fprintf$1) refers to usart.o(.text) for fputc
    printf1.o(i.__0printf$1) refers to printf1.o(i._printf_core) for _printf_core
    printf1.o(i.__0printf$1) refers to usart.o(.text) for fputc
    printf1.o(i.__0printf$1) refers to stdout.o(.data) for __stdout
    printf1.o(i.__0snprintf$1) refers to printf1.o(i._printf_core) for _printf_core
    printf1.o(i.__0snprintf$1) refers to printf1.o(i._snputc) for _snputc
    printf1.o(i.__0sprintf$1) refers to printf1.o(i._printf_core) for _printf_core
    printf1.o(i.__0sprintf$1) refers to printf1.o(i._sputc) for _sputc
    printf1.o(i.__0vfprintf$1) refers to printf1.o(i._printf_core) for _printf_core
    printf1.o(i.__0vfprintf$1) refers to usart.o(.text) for fputc
    printf1.o(i.__0vprintf$1) refers to printf1.o(i._printf_core) for _printf_core
    printf1.o(i.__0vprintf$1) refers to usart.o(.text) for fputc
    printf1.o(i.__0vprintf$1) refers to stdout.o(.data) for __stdout
    printf1.o(i.__0vsnprintf$1) refers to printf1.o(i._printf_core) for _printf_core
    printf1.o(i.__0vsnprintf$1) refers to printf1.o(i._snputc) for _snputc
    printf1.o(i.__0vsprintf$1) refers to printf1.o(i._printf_core) for _printf_core
    printf1.o(i.__0vsprintf$1) refers to printf1.o(i._sputc) for _sputc
    printf1.o(i._printf_core) refers to uidiv.o(.text) for __aeabi_uidivmod
    printf2.o(i.__0fprintf$2) refers to printf2.o(i._printf_core) for _printf_core
    printf2.o(i.__0fprintf$2) refers to usart.o(.text) for fputc
    printf2.o(i.__0printf$2) refers to printf2.o(i._printf_core) for _printf_core
    printf2.o(i.__0printf$2) refers to usart.o(.text) for fputc
    printf2.o(i.__0printf$2) refers to stdout.o(.data) for __stdout
    printf2.o(i.__0snprintf$2) refers to printf2.o(i._printf_core) for _printf_core
    printf2.o(i.__0snprintf$2) refers to printf2.o(i._snputc) for _snputc
    printf2.o(i.__0sprintf$2) refers to printf2.o(i._printf_core) for _printf_core
    printf2.o(i.__0sprintf$2) refers to printf2.o(i._sputc) for _sputc
    printf2.o(i.__0vfprintf$2) refers to printf2.o(i._printf_core) for _printf_core
    printf2.o(i.__0vfprintf$2) refers to usart.o(.text) for fputc
    printf2.o(i.__0vprintf$2) refers to printf2.o(i._printf_core) for _printf_core
    printf2.o(i.__0vprintf$2) refers to usart.o(.text) for fputc
    printf2.o(i.__0vprintf$2) refers to stdout.o(.data) for __stdout
    printf2.o(i.__0vsnprintf$2) refers to printf2.o(i._printf_core) for _printf_core
    printf2.o(i.__0vsnprintf$2) refers to printf2.o(i._snputc) for _snputc
    printf2.o(i.__0vsprintf$2) refers to printf2.o(i._printf_core) for _printf_core
    printf2.o(i.__0vsprintf$2) refers to printf2.o(i._sputc) for _sputc
    printf3.o(i.__0fprintf$3) refers to printf3.o(i._printf_core) for _printf_core
    printf3.o(i.__0fprintf$3) refers to usart.o(.text) for fputc
    printf3.o(i.__0printf$3) refers to printf3.o(i._printf_core) for _printf_core
    printf3.o(i.__0printf$3) refers to usart.o(.text) for fputc
    printf3.o(i.__0printf$3) refers to stdout.o(.data) for __stdout
    printf3.o(i.__0snprintf$3) refers to printf3.o(i._printf_core) for _printf_core
    printf3.o(i.__0snprintf$3) refers to printf3.o(i._snputc) for _snputc
    printf3.o(i.__0sprintf$3) refers to printf3.o(i._printf_core) for _printf_core
    printf3.o(i.__0sprintf$3) refers to printf3.o(i._sputc) for _sputc
    printf3.o(i.__0vfprintf$3) refers to printf3.o(i._printf_core) for _printf_core
    printf3.o(i.__0vfprintf$3) refers to usart.o(.text) for fputc
    printf3.o(i.__0vprintf$3) refers to printf3.o(i._printf_core) for _printf_core
    printf3.o(i.__0vprintf$3) refers to usart.o(.text) for fputc
    printf3.o(i.__0vprintf$3) refers to stdout.o(.data) for __stdout
    printf3.o(i.__0vsnprintf$3) refers to printf3.o(i._printf_core) for _printf_core
    printf3.o(i.__0vsnprintf$3) refers to printf3.o(i._snputc) for _snputc
    printf3.o(i.__0vsprintf$3) refers to printf3.o(i._printf_core) for _printf_core
    printf3.o(i.__0vsprintf$3) refers to printf3.o(i._sputc) for _sputc
    printf3.o(i._printf_core) refers to uidiv.o(.text) for __aeabi_uidivmod
    printf4.o(i.__0fprintf$4) refers to printf4.o(i._printf_core) for _printf_core
    printf4.o(i.__0fprintf$4) refers to usart.o(.text) for fputc
    printf4.o(i.__0printf$4) refers to printf4.o(i._printf_core) for _printf_core
    printf4.o(i.__0printf$4) refers to usart.o(.text) for fputc
    printf4.o(i.__0printf$4) refers to stdout.o(.data) for __stdout
    printf4.o(i.__0snprintf$4) refers to printf4.o(i._printf_core) for _printf_core
    printf4.o(i.__0snprintf$4) refers to printf4.o(i._snputc) for _snputc
    printf4.o(i.__0sprintf$4) refers to printf4.o(i._printf_core) for _printf_core
    printf4.o(i.__0sprintf$4) refers to printf4.o(i._sputc) for _sputc
    printf4.o(i.__0vfprintf$4) refers to printf4.o(i._printf_core) for _printf_core
    printf4.o(i.__0vfprintf$4) refers to usart.o(.text) for fputc
    printf4.o(i.__0vprintf$4) refers to printf4.o(i._printf_core) for _printf_core
    printf4.o(i.__0vprintf$4) refers to usart.o(.text) for fputc
    printf4.o(i.__0vprintf$4) refers to stdout.o(.data) for __stdout
    printf4.o(i.__0vsnprintf$4) refers to printf4.o(i._printf_core) for _printf_core
    printf4.o(i.__0vsnprintf$4) refers to printf4.o(i._snputc) for _snputc
    printf4.o(i.__0vsprintf$4) refers to printf4.o(i._printf_core) for _printf_core
    printf4.o(i.__0vsprintf$4) refers to printf4.o(i._sputc) for _sputc
    printf4.o(i._printf_core) refers to uldiv.o(.text) for __aeabi_uldivmod
    printf5.o(i.__0fprintf$5) refers to printf5.o(i._printf_core) for _printf_core
    printf5.o(i.__0fprintf$5) refers to usart.o(.text) for fputc
    printf5.o(i.__0printf$5) refers to printf5.o(i._printf_core) for _printf_core
    printf5.o(i.__0printf$5) refers to usart.o(.text) for fputc
    printf5.o(i.__0printf$5) refers to stdout.o(.data) for __stdout
    printf5.o(i.__0snprintf$5) refers to printf5.o(i._printf_core) for _printf_core
    printf5.o(i.__0snprintf$5) refers to printf5.o(i._snputc) for _snputc
    printf5.o(i.__0sprintf$5) refers to printf5.o(i._printf_core) for _printf_core
    printf5.o(i.__0sprintf$5) refers to printf5.o(i._sputc) for _sputc
    printf5.o(i.__0vfprintf$5) refers to printf5.o(i._printf_core) for _printf_core
    printf5.o(i.__0vfprintf$5) refers to usart.o(.text) for fputc
    printf5.o(i.__0vprintf$5) refers to printf5.o(i._printf_core) for _printf_core
    printf5.o(i.__0vprintf$5) refers to usart.o(.text) for fputc
    printf5.o(i.__0vprintf$5) refers to stdout.o(.data) for __stdout
    printf5.o(i.__0vsnprintf$5) refers to printf5.o(i._printf_core) for _printf_core
    printf5.o(i.__0vsnprintf$5) refers to printf5.o(i._snputc) for _snputc
    printf5.o(i.__0vsprintf$5) refers to printf5.o(i._printf_core) for _printf_core
    printf5.o(i.__0vsprintf$5) refers to printf5.o(i._sputc) for _sputc
    printf5.o(i._printf_core) refers to uldiv.o(.text) for __aeabi_uldivmod
    printf6.o(i.__0fprintf$6) refers to printf6.o(i._printf_core) for _printf_core
    printf6.o(i.__0fprintf$6) refers to usart.o(.text) for fputc
    printf6.o(i.__0printf$6) refers to printf6.o(i._printf_core) for _printf_core
    printf6.o(i.__0printf$6) refers to usart.o(.text) for fputc
    printf6.o(i.__0printf$6) refers to stdout.o(.data) for __stdout
    printf6.o(i.__0snprintf$6) refers to printf6.o(i._printf_core) for _printf_core
    printf6.o(i.__0snprintf$6) refers to printf6.o(i._snputc) for _snputc
    printf6.o(i.__0sprintf$6) refers to printf6.o(i._printf_core) for _printf_core
    printf6.o(i.__0sprintf$6) refers to printf6.o(i._sputc) for _sputc
    printf6.o(i.__0vfprintf$6) refers to printf6.o(i._printf_core) for _printf_core
    printf6.o(i.__0vfprintf$6) refers to usart.o(.text) for fputc
    printf6.o(i.__0vprintf$6) refers to printf6.o(i._printf_core) for _printf_core
    printf6.o(i.__0vprintf$6) refers to usart.o(.text) for fputc
    printf6.o(i.__0vprintf$6) refers to stdout.o(.data) for __stdout
    printf6.o(i.__0vsnprintf$6) refers to printf6.o(i._printf_core) for _printf_core
    printf6.o(i.__0vsnprintf$6) refers to printf6.o(i._snputc) for _snputc
    printf6.o(i.__0vsprintf$6) refers to printf6.o(i._printf_core) for _printf_core
    printf6.o(i.__0vsprintf$6) refers to printf6.o(i._sputc) for _sputc
    printf6.o(i._printf_core) refers to printf6.o(i._printf_pre_padding) for _printf_pre_padding
    printf6.o(i._printf_core) refers to uidiv.o(.text) for __aeabi_uidivmod
    printf6.o(i._printf_core) refers to printf6.o(i._printf_post_padding) for _printf_post_padding
    printf7.o(i.__0fprintf$7) refers to printf7.o(i._printf_core) for _printf_core
    printf7.o(i.__0fprintf$7) refers to usart.o(.text) for fputc
    printf7.o(i.__0printf$7) refers to printf7.o(i._printf_core) for _printf_core
    printf7.o(i.__0printf$7) refers to usart.o(.text) for fputc
    printf7.o(i.__0printf$7) refers to stdout.o(.data) for __stdout
    printf7.o(i.__0snprintf$7) refers to printf7.o(i._printf_core) for _printf_core
    printf7.o(i.__0snprintf$7) refers to printf7.o(i._snputc) for _snputc
    printf7.o(i.__0sprintf$7) refers to printf7.o(i._printf_core) for _printf_core
    printf7.o(i.__0sprintf$7) refers to printf7.o(i._sputc) for _sputc
    printf7.o(i.__0vfprintf$7) refers to printf7.o(i._printf_core) for _printf_core
    printf7.o(i.__0vfprintf$7) refers to usart.o(.text) for fputc
    printf7.o(i.__0vprintf$7) refers to printf7.o(i._printf_core) for _printf_core
    printf7.o(i.__0vprintf$7) refers to usart.o(.text) for fputc
    printf7.o(i.__0vprintf$7) refers to stdout.o(.data) for __stdout
    printf7.o(i.__0vsnprintf$7) refers to printf7.o(i._printf_core) for _printf_core
    printf7.o(i.__0vsnprintf$7) refers to printf7.o(i._snputc) for _snputc
    printf7.o(i.__0vsprintf$7) refers to printf7.o(i._printf_core) for _printf_core
    printf7.o(i.__0vsprintf$7) refers to printf7.o(i._sputc) for _sputc
    printf7.o(i._printf_core) refers to printf7.o(i._printf_pre_padding) for _printf_pre_padding
    printf7.o(i._printf_core) refers to uldiv.o(.text) for __aeabi_uldivmod
    printf7.o(i._printf_core) refers to printf7.o(i._printf_post_padding) for _printf_post_padding
    printf8.o(i.__0fprintf$8) refers to printf8.o(i._printf_core) for _printf_core
    printf8.o(i.__0fprintf$8) refers to usart.o(.text) for fputc
    printf8.o(i.__0printf$8) refers to printf8.o(i._printf_core) for _printf_core
    printf8.o(i.__0printf$8) refers to usart.o(.text) for fputc
    printf8.o(i.__0printf$8) refers to stdout.o(.data) for __stdout
    printf8.o(i.__0snprintf$8) refers to printf8.o(i._printf_core) for _printf_core
    printf8.o(i.__0snprintf$8) refers to printf8.o(i._snputc) for _snputc
    printf8.o(i.__0sprintf$8) refers to printf8.o(i._printf_core) for _printf_core
    printf8.o(i.__0sprintf$8) refers to printf8.o(i._sputc) for _sputc
    printf8.o(i.__0vfprintf$8) refers to printf8.o(i._printf_core) for _printf_core
    printf8.o(i.__0vfprintf$8) refers to usart.o(.text) for fputc
    printf8.o(i.__0vprintf$8) refers to printf8.o(i._printf_core) for _printf_core
    printf8.o(i.__0vprintf$8) refers to usart.o(.text) for fputc
    printf8.o(i.__0vprintf$8) refers to stdout.o(.data) for __stdout
    printf8.o(i.__0vsnprintf$8) refers to printf8.o(i._printf_core) for _printf_core
    printf8.o(i.__0vsnprintf$8) refers to printf8.o(i._snputc) for _snputc
    printf8.o(i.__0vsprintf$8) refers to printf8.o(i._printf_core) for _printf_core
    printf8.o(i.__0vsprintf$8) refers to printf8.o(i._sputc) for _sputc
    printf8.o(i._printf_core) refers to printf8.o(i._printf_pre_padding) for _printf_pre_padding
    printf8.o(i._printf_core) refers to uldiv.o(.text) for __aeabi_uldivmod
    printf8.o(i._printf_core) refers to printf8.o(i._printf_post_padding) for _printf_post_padding
    printfa.o(i.__0fprintf) refers (Special) to iusefp.o(.text) for __I$use$fp
    printfa.o(i.__0fprintf) refers to printfa.o(i._printf_core) for _printf_core
    printfa.o(i.__0fprintf) refers to usart.o(.text) for fputc
    printfa.o(i.__0printf) refers (Special) to iusefp.o(.text) for __I$use$fp
    printfa.o(i.__0printf) refers to printfa.o(i._printf_core) for _printf_core
    printfa.o(i.__0printf) refers to usart.o(.text) for fputc
    printfa.o(i.__0printf) refers to stdout.o(.data) for __stdout
    printfa.o(i.__0snprintf) refers (Special) to iusefp.o(.text) for __I$use$fp
    printfa.o(i.__0snprintf) refers to printfa.o(i._printf_core) for _printf_core
    printfa.o(i.__0snprintf) refers to printfa.o(i._snputc) for _snputc
    printfa.o(i.__0sprintf) refers (Special) to iusefp.o(.text) for __I$use$fp
    printfa.o(i.__0sprintf) refers to printfa.o(i._printf_core) for _printf_core
    printfa.o(i.__0sprintf) refers to printfa.o(i._sputc) for _sputc
    printfa.o(i.__0vfprintf) refers (Special) to iusefp.o(.text) for __I$use$fp
    printfa.o(i.__0vfprintf) refers to printfa.o(i._printf_core) for _printf_core
    printfa.o(i.__0vfprintf) refers to usart.o(.text) for fputc
    printfa.o(i.__0vprintf) refers (Special) to iusefp.o(.text) for __I$use$fp
    printfa.o(i.__0vprintf) refers to printfa.o(i._printf_core) for _printf_core
    printfa.o(i.__0vprintf) refers to usart.o(.text) for fputc
    printfa.o(i.__0vprintf) refers to stdout.o(.data) for __stdout
    printfa.o(i.__0vsnprintf) refers (Special) to iusefp.o(.text) for __I$use$fp
    printfa.o(i.__0vsnprintf) refers to printfa.o(i._printf_core) for _printf_core
    printfa.o(i.__0vsnprintf) refers to printfa.o(i._snputc) for _snputc
    printfa.o(i.__0vsprintf) refers (Special) to iusefp.o(.text) for __I$use$fp
    printfa.o(i.__0vsprintf) refers to printfa.o(i._printf_core) for _printf_core
    printfa.o(i.__0vsprintf) refers to printfa.o(i._sputc) for _sputc
    printfa.o(i._fp_digits) refers (Special) to iusefp.o(.text) for __I$use$fp
    printfa.o(i._fp_digits) refers to dmul.o(.text) for __aeabi_dmul
    printfa.o(i._fp_digits) refers to ddiv.o(.text) for __aeabi_ddiv
    printfa.o(i._fp_digits) refers to cdrcmple.o(.text) for __aeabi_cdrcmple
    printfa.o(i._fp_digits) refers to dadd.o(.text) for __aeabi_dadd
    printfa.o(i._fp_digits) refers to dfixul.o(.text) for __aeabi_d2ulz
    printfa.o(i._fp_digits) refers to uldiv.o(.text) for __aeabi_uldivmod
    printfa.o(i._printf_core) refers (Special) to iusefp.o(.text) for __I$use$fp
    printfa.o(i._printf_core) refers to printfa.o(i._printf_pre_padding) for _printf_pre_padding
    printfa.o(i._printf_core) refers to uldiv.o(.text) for __aeabi_uldivmod
    printfa.o(i._printf_core) refers to printfa.o(i._printf_post_padding) for _printf_post_padding
    printfa.o(i._printf_core) refers to printfa.o(i._fp_digits) for _fp_digits
    printfa.o(i._printf_core) refers to uidiv.o(.text) for __aeabi_uidivmod
    printfa.o(i._printf_post_padding) refers (Special) to iusefp.o(.text) for __I$use$fp
    printfa.o(i._printf_pre_padding) refers (Special) to iusefp.o(.text) for __I$use$fp
    printfa.o(i._snputc) refers (Special) to iusefp.o(.text) for __I$use$fp
    printfa.o(i._sputc) refers (Special) to iusefp.o(.text) for __I$use$fp
    f2d.o(.text) refers (Special) to iusefp.o(.text) for __I$use$fp
    cdcmple.o(.text) refers (Special) to iusefp.o(.text) for __I$use$fp
    entry2.o(.ARM.Collect$$$$00000001) refers to entry2.o(.ARM.Collect$$$$00002712) for __lit__00000000
    entry2.o(.ARM.Collect$$$$00002712) refers to startup_stm32f10x_hd.o(STACK) for __initial_sp
    entry2.o(__vectab_stack_and_reset_area) refers to startup_stm32f10x_hd.o(STACK) for __initial_sp
    entry2.o(__vectab_stack_and_reset_area) refers to entry.o(.ARM.Collect$$$$00000000) for __main
    entry5.o(.ARM.Collect$$$$00000004) refers to init.o(.text) for __scatterload
    entry9a.o(.ARM.Collect$$$$0000000B) refers to main.o(.text) for main
    entry9b.o(.ARM.Collect$$$$0000000C) refers to main.o(.text) for main
    uldiv.o(.text) refers to llushr.o(.text) for __aeabi_llsr
    uldiv.o(.text) refers to llshl.o(.text) for __aeabi_llsl
    dadd.o(.text) refers to llshl.o(.text) for __aeabi_llsl
    dadd.o(.text) refers to llsshr.o(.text) for __aeabi_lasr
    dadd.o(.text) refers to depilogue.o(.text) for _double_epilogue
    dmul.o(.text) refers to depilogue.o(.text) for _double_epilogue
    ddiv.o(.text) refers to depilogue.o(.text) for _double_round
    dfixul.o(.text) refers to llushr.o(.text) for __aeabi_llsr
    dfixul.o(.text) refers to llshl.o(.text) for __aeabi_llsl
    init.o(.text) refers to entry5.o(.ARM.Collect$$$$00000004) for __main_after_scatterload
    depilogue.o(.text) refers to llshl.o(.text) for __aeabi_llsl
    depilogue.o(.text) refers to llushr.o(.text) for __aeabi_llsr


==============================================================================

Removing Unused input sections from the image.

    Removing core_cm3.o(.emb_text), (32 bytes).
    Removing system_stm32f10x.o(.text), (312 bytes).
    Removing system_stm32f10x.o(.constdata), (20 bytes).
    Removing startup_stm32f10x_hd.o(HEAP), (0 bytes).
    Removing 24cxx.o(.text), (378 bytes).
    Removing misc.o(.rev16_text), (4 bytes).
    Removing misc.o(.revsh_text), (4 bytes).
    Removing stm32f10x_adc.o(.rev16_text), (4 bytes).
    Removing stm32f10x_adc.o(.revsh_text), (4 bytes).
    Removing stm32f10x_flash.o(.rev16_text), (4 bytes).
    Removing stm32f10x_flash.o(.revsh_text), (4 bytes).
    Removing stm32f10x_gpio.o(.rev16_text), (4 bytes).
    Removing stm32f10x_gpio.o(.revsh_text), (4 bytes).
    Removing stm32f10x_rcc.o(.rev16_text), (4 bytes).
    Removing stm32f10x_rcc.o(.revsh_text), (4 bytes).
    Removing stm32f10x_spi.o(.rev16_text), (4 bytes).
    Removing stm32f10x_spi.o(.revsh_text), (4 bytes).
    Removing stm32f10x_tim.o(.rev16_text), (4 bytes).
    Removing stm32f10x_tim.o(.revsh_text), (4 bytes).
    Removing stm32f10x_usart.o(.rev16_text), (4 bytes).
    Removing stm32f10x_usart.o(.revsh_text), (4 bytes).
    Removing dadd.o(.text), (334 bytes).
    Removing dmul.o(.text), (228 bytes).
    Removing ddiv.o(.text), (222 bytes).
    Removing dfixul.o(.text), (48 bytes).
    Removing cdrcmple.o(.text), (40 bytes).
    Removing depilogue.o(.text), (182 bytes).

27 unused section(s) (total 1860 bytes) removed from the image.

==============================================================================

Image Symbol Table

    Local Symbols

    Symbol Name                              Value     Ov Type        Size  Object(Section)

    ../clib/microlib/division.c              0x00000000   Number         0  uldiv.o ABSOLUTE
    ../clib/microlib/division.c              0x00000000   Number         0  uidiv.o ABSOLUTE
    ../clib/microlib/init/entry.s            0x00000000   Number         0  entry9a.o ABSOLUTE
    ../clib/microlib/init/entry.s            0x00000000   Number         0  entry8b.o ABSOLUTE
    ../clib/microlib/init/entry.s            0x00000000   Number         0  entry10a.o ABSOLUTE
    ../clib/microlib/init/entry.s            0x00000000   Number         0  entry8a.o ABSOLUTE
    ../clib/microlib/init/entry.s            0x00000000   Number         0  entry7a.o ABSOLUTE
    ../clib/microlib/init/entry.s            0x00000000   Number         0  entry10b.o ABSOLUTE
    ../clib/microlib/init/entry.s            0x00000000   Number         0  entry5.o ABSOLUTE
    ../clib/microlib/init/entry.s            0x00000000   Number         0  entry2.o ABSOLUTE
    ../clib/microlib/init/entry.s            0x00000000   Number         0  entry7b.o ABSOLUTE
    ../clib/microlib/init/entry.s            0x00000000   Number         0  entry11b.o ABSOLUTE
    ../clib/microlib/init/entry.s            0x00000000   Number         0  entry11a.o ABSOLUTE
    ../clib/microlib/init/entry.s            0x00000000   Number         0  entry.o ABSOLUTE
    ../clib/microlib/init/entry.s            0x00000000   Number         0  entry9b.o ABSOLUTE
    ../clib/microlib/longlong.c              0x00000000   Number         0  llshl.o ABSOLUTE
    ../clib/microlib/longlong.c              0x00000000   Number         0  llushr.o ABSOLUTE
    ../clib/microlib/longlong.c              0x00000000   Number         0  llsshr.o ABSOLUTE
    ../clib/microlib/printf/printf.c         0x00000000   Number         0  printf5.o ABSOLUTE
    ../clib/microlib/printf/printf.c         0x00000000   Number         0  printfa.o ABSOLUTE
    ../clib/microlib/printf/printf.c         0x00000000   Number         0  printf8.o ABSOLUTE
    ../clib/microlib/printf/printf.c         0x00000000   Number         0  printf7.o ABSOLUTE
    ../clib/microlib/printf/printf.c         0x00000000   Number         0  printfb.o ABSOLUTE
    ../clib/microlib/printf/printf.c         0x00000000   Number         0  printf0.o ABSOLUTE
    ../clib/microlib/printf/printf.c         0x00000000   Number         0  printf1.o ABSOLUTE
    ../clib/microlib/printf/printf.c         0x00000000   Number         0  printf2.o ABSOLUTE
    ../clib/microlib/printf/printf.c         0x00000000   Number         0  printf3.o ABSOLUTE
    ../clib/microlib/printf/printf.c         0x00000000   Number         0  printf4.o ABSOLUTE
    ../clib/microlib/printf/printf.c         0x00000000   Number         0  printf6.o ABSOLUTE
    ../clib/microlib/stdio/streams.c         0x00000000   Number         0  stdout.o ABSOLUTE
    ../clib/microlib/stubs.s                 0x00000000   Number         0  iusefp.o ABSOLUTE
    ../fplib/microlib/f2d.c                  0x00000000   Number         0  f2d.o ABSOLUTE
    ../fplib/microlib/fpadd.c                0x00000000   Number         0  dadd.o ABSOLUTE
    ../fplib/microlib/fpdiv.c                0x00000000   Number         0  ddiv.o ABSOLUTE
    ../fplib/microlib/fpepilogue.c           0x00000000   Number         0  depilogue.o ABSOLUTE
    ../fplib/microlib/fpfix.c                0x00000000   Number         0  dfixul.o ABSOLUTE
    ../fplib/microlib/fpmul.c                0x00000000   Number         0  dmul.o ABSOLUTE
    cdcmple.s                                0x00000000   Number         0  cdcmple.o ABSOLUTE
    cdrcmple.s                               0x00000000   Number         0  cdrcmple.o ABSOLUTE
    dc.s                                     0x00000000   Number         0  dc.o ABSOLUTE
    handlers.s                               0x00000000   Number         0  handlers.o ABSOLUTE
    init.s                                   0x00000000   Number         0  init.o ABSOLUTE
    src\\misc.c                              0x00000000   Number         0  misc.o ABSOLUTE
    src\\stm32f10x_adc.c                     0x00000000   Number         0  stm32f10x_adc.o ABSOLUTE
    src\\stm32f10x_flash.c                   0x00000000   Number         0  stm32f10x_flash.o ABSOLUTE
    src\\stm32f10x_gpio.c                    0x00000000   Number         0  stm32f10x_gpio.o ABSOLUTE
    src\\stm32f10x_rcc.c                     0x00000000   Number         0  stm32f10x_rcc.o ABSOLUTE
    src\\stm32f10x_spi.c                     0x00000000   Number         0  stm32f10x_spi.o ABSOLUTE
    src\\stm32f10x_tim.c                     0x00000000   Number         0  stm32f10x_tim.o ABSOLUTE
    src\\stm32f10x_usart.c                   0x00000000   Number         0  stm32f10x_usart.o ABSOLUTE
    src\misc.c                               0x00000000   Number         0  misc.o ABSOLUTE
    src\stm32f10x_adc.c                      0x00000000   Number         0  stm32f10x_adc.o ABSOLUTE
    src\stm32f10x_flash.c                    0x00000000   Number         0  stm32f10x_flash.o ABSOLUTE
    src\stm32f10x_gpio.c                     0x00000000   Number         0  stm32f10x_gpio.o ABSOLUTE
    src\stm32f10x_rcc.c                      0x00000000   Number         0  stm32f10x_rcc.o ABSOLUTE
    src\stm32f10x_spi.c                      0x00000000   Number         0  stm32f10x_spi.o ABSOLUTE
    src\stm32f10x_tim.c                      0x00000000   Number         0  stm32f10x_tim.o ABSOLUTE
    src\stm32f10x_usart.c                    0x00000000   Number         0  stm32f10x_usart.o ABSOLUTE
    sys\\core_cm3.c                          0x00000000   Number         0  core_cm3.o ABSOLUTE
    sys\core_cm3.c                           0x00000000   Number         0  core_cm3.o ABSOLUTE
    sys\startup_stm32f10x_hd.s               0x00000000   Number         0  startup_stm32f10x_hd.o ABSOLUTE
    sys\system_stm32f10x.c                   0x00000000   Number         0  system_stm32f10x.o ABSOLUTE
    user\adc\adc.c                           0x00000000   Number         0  adc.o ABSOLUTE
    user\delay.c                             0x00000000   Number         0  delay.o ABSOLUTE
    user\gpio.c                              0x00000000   Number         0  gpio.o ABSOLUTE
    user\main.c                              0x00000000   Number         0  main.o ABSOLUTE
    user\mpu6050\mpu6050.c                   0x00000000   Number         0  mpu6050.o ABSOLUTE
    user\spi&iic\24cxx.c                     0x00000000   Number         0  24cxx.o ABSOLUTE
    user\spi&iic\iic.c                       0x00000000   Number         0  iic.o ABSOLUTE
    user\spi&iic\nrf24l01.c                  0x00000000   Number         0  nrf24l01.o ABSOLUTE
    user\spi&iic\spi.c                       0x00000000   Number         0  spi.o ABSOLUTE
    user\stm32f10x_it.c                      0x00000000   Number         0  stm32f10x_it.o ABSOLUTE
    user\tim\tim.c                           0x00000000   Number         0  tim.o ABSOLUTE
    user\usart.c                             0x00000000   Number         0  usart.o ABSOLUTE
    RESET                                    0x08000000   Section      304  startup_stm32f10x_hd.o(RESET)
    .ARM.Collect$$$$00000000                 0x08000130   Section        0  entry.o(.ARM.Collect$$$$00000000)
    .ARM.Collect$$$$00000001                 0x08000130   Section        4  entry2.o(.ARM.Collect$$$$00000001)
    .ARM.Collect$$$$00000004                 0x08000134   Section        4  entry5.o(.ARM.Collect$$$$00000004)
    .ARM.Collect$$$$00000008                 0x08000138   Section        0  entry7b.o(.ARM.Collect$$$$00000008)
    .ARM.Collect$$$$0000000A                 0x08000138   Section        0  entry8b.o(.ARM.Collect$$$$0000000A)
    .ARM.Collect$$$$0000000B                 0x08000138   Section        8  entry9a.o(.ARM.Collect$$$$0000000B)
    .ARM.Collect$$$$0000000D                 0x08000140   Section        0  entry10a.o(.ARM.Collect$$$$0000000D)
    .ARM.Collect$$$$0000000F                 0x08000140   Section        0  entry11a.o(.ARM.Collect$$$$0000000F)
    .ARM.Collect$$$$00002712                 0x08000140   Section        4  entry2.o(.ARM.Collect$$$$00002712)
    __lit__00000000                          0x08000140   Data           4  entry2.o(.ARM.Collect$$$$00002712)
    .text                                    0x08000144   Section       48  startup_stm32f10x_hd.o(.text)
    .text                                    0x08000174   Section        0  main.o(.text)
    .text                                    0x08000314   Section        0  stm32f10x_it.o(.text)
    .text                                    0x080003ec   Section        0  gpio.o(.text)
    .text                                    0x080004b4   Section        0  usart.o(.text)
    .text                                    0x08000c28   Section        0  delay.o(.text)
    .text                                    0x08000df4   Section        0  mpu6050.o(.text)
    .text                                    0x08000f34   Section        0  iic.o(.text)
    .text                                    0x08001190   Section        0  spi.o(.text)
    .text                                    0x08001414   Section        0  nrf24l01.o(.text)
    .text                                    0x0800173c   Section        0  tim.o(.text)
    .text                                    0x08001870   Section        0  adc.o(.text)
    .text                                    0x08001bac   Section        0  misc.o(.text)
    .text                                    0x08001c88   Section        0  stm32f10x_adc.o(.text)
    .text                                    0x080020b8   Section        0  stm32f10x_flash.o(.text)
    delay                                    0x08002141   Thumb Code    26  stm32f10x_flash.o(.text)
    .text                                    0x080025e4   Section        0  stm32f10x_gpio.o(.text)
    .text                                    0x08002910   Section        0  stm32f10x_rcc.o(.text)
    .text                                    0x08002cb0   Section        0  stm32f10x_spi.o(.text)
    .text                                    0x08002fb0   Section        0  stm32f10x_tim.o(.text)
    TI4_Config                               0x080032cf   Thumb Code    82  stm32f10x_tim.o(.text)
    TI3_Config                               0x08003333   Thumb Code    72  stm32f10x_tim.o(.text)
    TI2_Config                               0x080033a5   Thumb Code    80  stm32f10x_tim.o(.text)
    TI1_Config                               0x08003407   Thumb Code    56  stm32f10x_tim.o(.text)
    .text                                    0x08003b78   Section        0  stm32f10x_usart.o(.text)
    .text                                    0x08003ee8   Section        0  f2d.o(.text)
    .text                                    0x08003f10   Section       40  cdcmple.o(.text)
    .text                                    0x08003f38   Section        0  iusefp.o(.text)
    .text                                    0x08003f38   Section       36  init.o(.text)
    i.__0printf$bare                         0x08003f5c   Section        0  printfb.o(i.__0printf$bare)
    i.__scatterload_copy                     0x08003f6c   Section       14  handlers.o(i.__scatterload_copy)
    i.__scatterload_null                     0x08003f7a   Section        2  handlers.o(i.__scatterload_null)
    i.__scatterload_zeroinit                 0x08003f7c   Section       14  handlers.o(i.__scatterload_zeroinit)
    i._printf_core                           0x08003f8a   Section        0  printfb.o(i._printf_core)
    _printf_core                             0x08003f8b   Thumb Code    34  printfb.o(i._printf_core)
    .constdata                               0x08003fac   Section       10  nrf24l01.o(.constdata)
    .data                                    0x20000000   Section       14  main.o(.data)
    .data                                    0x2000000e   Section        1  usart.o(.data)
    .data                                    0x20000010   Section        4  delay.o(.data)
    fac_us                                   0x20000010   Data           1  delay.o(.data)
    fac_ms                                   0x20000012   Data           2  delay.o(.data)
    .data                                    0x20000014   Section       33  mpu6050.o(.data)
    filter_cnt                               0x20000034   Data           1  mpu6050.o(.data)
    .data                                    0x20000038   Section       12  adc.o(.data)
    .data                                    0x20000044   Section       20  stm32f10x_rcc.o(.data)
    APBAHBPrescTable                         0x20000044   Data          16  stm32f10x_rcc.o(.data)
    ADCPrescTable                            0x20000054   Data           4  stm32f10x_rcc.o(.data)
    .data                                    0x20000058   Section        4  stdout.o(.data)
    .bss                                     0x2000005c   Section       92  main.o(.bss)
    .bss                                     0x200000b8   Section      132  mpu6050.o(.bss)
    STACK                                    0x20000140   Section      512  startup_stm32f10x_hd.o(STACK)

    Global Symbols

    Symbol Name                              Value     Ov Type        Size  Object(Section)

    BuildAttributes$$THM_ISAv4$P$D$K$B$S$PE$A:L22UL41UL21$X:L11$S22US41US21$IEEE1$IW$USESV6$~STKCKD$USESV7$~SHL$OSPACE$ROPI$EBA8$MICROLIB$REQ8$PRES8$EABIv2 0x00000000   Number         0  anon$$obj.o ABSOLUTE
    __ARM_use_no_argv                        0x00000000   Number         0  main.o ABSOLUTE
    __cpp_initialize__aeabi_                  - Undefined Weak Reference
    __cxa_finalize                            - Undefined Weak Reference
    __decompress                              - Undefined Weak Reference
    _clock_init                               - Undefined Weak Reference
    _microlib_exit                            - Undefined Weak Reference
    __Vectors_Size                           0x00000130   Number         0  startup_stm32f10x_hd.o ABSOLUTE
    __Vectors                                0x08000000   Data           4  startup_stm32f10x_hd.o(RESET)
    __Vectors_End                            0x08000130   Data           0  startup_stm32f10x_hd.o(RESET)
    __main                                   0x08000131   Thumb Code     0  entry.o(.ARM.Collect$$$$00000000)
    _main_stk                                0x08000131   Thumb Code     0  entry2.o(.ARM.Collect$$$$00000001)
    _main_scatterload                        0x08000135   Thumb Code     0  entry5.o(.ARM.Collect$$$$00000004)
    __main_after_scatterload                 0x08000139   Thumb Code     0  entry5.o(.ARM.Collect$$$$00000004)
    _main_clock                              0x08000139   Thumb Code     0  entry7b.o(.ARM.Collect$$$$00000008)
    _main_cpp_init                           0x08000139   Thumb Code     0  entry8b.o(.ARM.Collect$$$$0000000A)
    _main_init                               0x08000139   Thumb Code     0  entry9a.o(.ARM.Collect$$$$0000000B)
    __rt_final_cpp                           0x08000141   Thumb Code     0  entry10a.o(.ARM.Collect$$$$0000000D)
    __rt_final_exit                          0x08000141   Thumb Code     0  entry11a.o(.ARM.Collect$$$$0000000F)
    SystemInit_ExtMemCtl                     0x08000145   Thumb Code     2  startup_stm32f10x_hd.o(.text)
    Reset_Handler                            0x08000147   Thumb Code    14  startup_stm32f10x_hd.o(.text)
    NMI_Handler                              0x08000155   Thumb Code     2  startup_stm32f10x_hd.o(.text)
    HardFault_Handler                        0x08000157   Thumb Code     2  startup_stm32f10x_hd.o(.text)
    MemManage_Handler                        0x08000159   Thumb Code     2  startup_stm32f10x_hd.o(.text)
    BusFault_Handler                         0x0800015b   Thumb Code     2  startup_stm32f10x_hd.o(.text)
    UsageFault_Handler                       0x0800015d   Thumb Code     2  startup_stm32f10x_hd.o(.text)
    SVC_Handler                              0x0800015f   Thumb Code     2  startup_stm32f10x_hd.o(.text)
    DebugMon_Handler                         0x08000161   Thumb Code     2  startup_stm32f10x_hd.o(.text)
    PendSV_Handler                           0x08000163   Thumb Code     2  startup_stm32f10x_hd.o(.text)
    SysTick_Handler                          0x08000165   Thumb Code     2  startup_stm32f10x_hd.o(.text)
    ADC1_2_IRQHandler                        0x08000167   Thumb Code     0  startup_stm32f10x_hd.o(.text)
    ADC3_IRQHandler                          0x08000167   Thumb Code     0  startup_stm32f10x_hd.o(.text)
    CAN1_RX1_IRQHandler                      0x08000167   Thumb Code     0  startup_stm32f10x_hd.o(.text)
    CAN1_SCE_IRQHandler                      0x08000167   Thumb Code     0  startup_stm32f10x_hd.o(.text)
    DMA1_Channel1_IRQHandler                 0x08000167   Thumb Code     0  startup_stm32f10x_hd.o(.text)
    DMA1_Channel2_IRQHandler                 0x08000167   Thumb Code     0  startup_stm32f10x_hd.o(.text)
    DMA1_Channel3_IRQHandler                 0x08000167   Thumb Code     0  startup_stm32f10x_hd.o(.text)
    DMA1_Channel4_IRQHandler                 0x08000167   Thumb Code     0  startup_stm32f10x_hd.o(.text)
    DMA1_Channel5_IRQHandler                 0x08000167   Thumb Code     0  startup_stm32f10x_hd.o(.text)
    DMA1_Channel6_IRQHandler                 0x08000167   Thumb Code     0  startup_stm32f10x_hd.o(.text)
    DMA1_Channel7_IRQHandler                 0x08000167   Thumb Code     0  startup_stm32f10x_hd.o(.text)
    DMA2_Channel1_IRQHandler                 0x08000167   Thumb Code     0  startup_stm32f10x_hd.o(.text)
    DMA2_Channel2_IRQHandler                 0x08000167   Thumb Code     0  startup_stm32f10x_hd.o(.text)
    DMA2_Channel3_IRQHandler                 0x08000167   Thumb Code     0  startup_stm32f10x_hd.o(.text)
    DMA2_Channel4_5_IRQHandler               0x08000167   Thumb Code     0  startup_stm32f10x_hd.o(.text)
    EXTI0_IRQHandler                         0x08000167   Thumb Code     0  startup_stm32f10x_hd.o(.text)
    EXTI15_10_IRQHandler                     0x08000167   Thumb Code     0  startup_stm32f10x_hd.o(.text)
    EXTI1_IRQHandler                         0x08000167   Thumb Code     0  startup_stm32f10x_hd.o(.text)
    EXTI2_IRQHandler                         0x08000167   Thumb Code     0  startup_stm32f10x_hd.o(.text)
    EXTI3_IRQHandler                         0x08000167   Thumb Code     0  startup_stm32f10x_hd.o(.text)
    EXTI4_IRQHandler                         0x08000167   Thumb Code     0  startup_stm32f10x_hd.o(.text)
    EXTI9_5_IRQHandler                       0x08000167   Thumb Code     0  startup_stm32f10x_hd.o(.text)
    FLASH_IRQHandler                         0x08000167   Thumb Code     0  startup_stm32f10x_hd.o(.text)
    FSMC_IRQHandler                          0x08000167   Thumb Code     0  startup_stm32f10x_hd.o(.text)
    I2C1_ER_IRQHandler                       0x08000167   Thumb Code     0  startup_stm32f10x_hd.o(.text)
    I2C1_EV_IRQHandler                       0x08000167   Thumb Code     0  startup_stm32f10x_hd.o(.text)
    I2C2_ER_IRQHandler                       0x08000167   Thumb Code     0  startup_stm32f10x_hd.o(.text)
    I2C2_EV_IRQHandler                       0x08000167   Thumb Code     0  startup_stm32f10x_hd.o(.text)
    PVD_IRQHandler                           0x08000167   Thumb Code     0  startup_stm32f10x_hd.o(.text)
    RCC_IRQHandler                           0x08000167   Thumb Code     0  startup_stm32f10x_hd.o(.text)
    RTCAlarm_IRQHandler                      0x08000167   Thumb Code     0  startup_stm32f10x_hd.o(.text)
    RTC_IRQHandler                           0x08000167   Thumb Code     0  startup_stm32f10x_hd.o(.text)
    SDIO_IRQHandler                          0x08000167   Thumb Code     0  startup_stm32f10x_hd.o(.text)
    SPI1_IRQHandler                          0x08000167   Thumb Code     0  startup_stm32f10x_hd.o(.text)
    SPI2_IRQHandler                          0x08000167   Thumb Code     0  startup_stm32f10x_hd.o(.text)
    SPI3_IRQHandler                          0x08000167   Thumb Code     0  startup_stm32f10x_hd.o(.text)
    TAMPER_IRQHandler                        0x08000167   Thumb Code     0  startup_stm32f10x_hd.o(.text)
    TIM1_BRK_IRQHandler                      0x08000167   Thumb Code     0  startup_stm32f10x_hd.o(.text)
    TIM1_CC_IRQHandler                       0x08000167   Thumb Code     0  startup_stm32f10x_hd.o(.text)
    TIM1_TRG_COM_IRQHandler                  0x08000167   Thumb Code     0  startup_stm32f10x_hd.o(.text)
    TIM1_UP_IRQHandler                       0x08000167   Thumb Code     0  startup_stm32f10x_hd.o(.text)
    TIM2_IRQHandler                          0x08000167   Thumb Code     0  startup_stm32f10x_hd.o(.text)
    TIM4_IRQHandler                          0x08000167   Thumb Code     0  startup_stm32f10x_hd.o(.text)
    TIM5_IRQHandler                          0x08000167   Thumb Code     0  startup_stm32f10x_hd.o(.text)
    TIM6_IRQHandler                          0x08000167   Thumb Code     0  startup_stm32f10x_hd.o(.text)
    TIM7_IRQHandler                          0x08000167   Thumb Code     0  startup_stm32f10x_hd.o(.text)
    TIM8_BRK_IRQHandler                      0x08000167   Thumb Code     0  startup_stm32f10x_hd.o(.text)
    TIM8_CC_IRQHandler                       0x08000167   Thumb Code     0  startup_stm32f10x_hd.o(.text)
    TIM8_TRG_COM_IRQHandler                  0x08000167   Thumb Code     0  startup_stm32f10x_hd.o(.text)
    TIM8_UP_IRQHandler                       0x08000167   Thumb Code     0  startup_stm32f10x_hd.o(.text)
    UART4_IRQHandler                         0x08000167   Thumb Code     0  startup_stm32f10x_hd.o(.text)
    UART5_IRQHandler                         0x08000167   Thumb Code     0  startup_stm32f10x_hd.o(.text)
    USART2_IRQHandler                        0x08000167   Thumb Code     0  startup_stm32f10x_hd.o(.text)
    USART3_IRQHandler                        0x08000167   Thumb Code     0  startup_stm32f10x_hd.o(.text)
    USBWakeUp_IRQHandler                     0x08000167   Thumb Code     0  startup_stm32f10x_hd.o(.text)
    USB_HP_CAN1_TX_IRQHandler                0x08000167   Thumb Code     0  startup_stm32f10x_hd.o(.text)
    USB_LP_CAN1_RX0_IRQHandler               0x08000167   Thumb Code     0  startup_stm32f10x_hd.o(.text)
    WWDG_IRQHandler                          0x08000167   Thumb Code     0  startup_stm32f10x_hd.o(.text)
    KeyRead                                  0x08000175   Thumb Code    26  main.o(.text)
    main                                     0x0800018f   Thumb Code   348  main.o(.text)
    USART1_IRQHandler                        0x08000315   Thumb Code    70  stm32f10x_it.o(.text)
    TIM3_IRQHandler                          0x0800035b   Thumb Code   108  stm32f10x_it.o(.text)
    My_GPIO_Init                             0x080003ed   Thumb Code   170  gpio.o(.text)
    USART1_Configuration                     0x080004b5   Thumb Code   168  usart.o(.text)
    USART21_Configuration                    0x0800055d   Thumb Code   170  usart.o(.text)
    USART22_Configuration                    0x08000607   Thumb Code   178  usart.o(.text)
    USART3_Configuration                     0x080006b9   Thumb Code   176  usart.o(.text)
    USART4_Configuration                     0x08000769   Thumb Code   162  usart.o(.text)
    USART5_Configuration                     0x0800080b   Thumb Code   158  usart.o(.text)
    fputc                                    0x080008a9   Thumb Code   402  usart.o(.text)
    Get_RX_4bitData                          0x08000a3b   Thumb Code    64  usart.o(.text)
    Send_Hex                                 0x08000a7b   Thumb Code   216  usart.o(.text)
    SeriPush2Bytes                           0x08000b53   Thumb Code   138  usart.o(.text)
    Print_Show                               0x08000bdd   Thumb Code    38  usart.o(.text)
    delay_Configuration                      0x08000c29   Thumb Code    56  delay.o(.text)
    delay_ms                                 0x08000c61   Thumb Code    56  delay.o(.text)
    delay_us                                 0x08000c99   Thumb Code    56  delay.o(.text)
    delay_s                                  0x08000cd1   Thumb Code   128  delay.o(.text)
    RCC_Configuration                        0x08000d51   Thumb Code   114  delay.o(.text)
    SoftReset                                0x08000dc3   Thumb Code    32  delay.o(.text)
    mpu6050_Configuration                    0x08000df5   Thumb Code    48  mpu6050.o(.text)
    GetData                                  0x08000e25   Thumb Code    28  mpu6050.o(.text)
    mpu6050_data                             0x08000e41   Thumb Code    52  mpu6050.o(.text)
    analy_data                               0x08000e75   Thumb Code   146  mpu6050.o(.text)
    IIC_Configuration                        0x08000f35   Thumb Code    24  iic.o(.text)
    IIC_Start                                0x08000f4d   Thumb Code    52  iic.o(.text)
    IIC_Stop                                 0x08000f81   Thumb Code    54  iic.o(.text)
    IIC_Wait_Ack                             0x08000fb7   Thumb Code    74  iic.o(.text)
    IIC_Ack                                  0x08001001   Thumb Code    58  iic.o(.text)
    IIC_NAck                                 0x0800103b   Thumb Code    58  iic.o(.text)
    IIC_Send_Byte                            0x08001075   Thumb Code    80  iic.o(.text)
    IIC_Read_Byte                            0x080010c5   Thumb Code    88  iic.o(.text)
    Single_WriteI2C                          0x0800111d   Thumb Code    46  iic.o(.text)
    Single_ReadI2C                           0x0800114b   Thumb Code    58  iic.o(.text)
    SPI1_Configuration                       0x08001191   Thumb Code   164  spi.o(.text)
    SPI1_ReadWriteByte                       0x08001235   Thumb Code    50  spi.o(.text)
    SPI2_ReadWriteByte                       0x08001267   Thumb Code    78  spi.o(.text)
    SPI2_Configuration                       0x080012b5   Thumb Code   128  spi.o(.text)
    SPI3_ReadWriteByte                       0x08001335   Thumb Code    78  spi.o(.text)
    SPI3_Configuration                       0x08001383   Thumb Code   126  spi.o(.text)
    SPI_Configuration                        0x08001415   Thumb Code     8  nrf24l01.o(.text)
    SPI_ReadWriteByte                        0x0800141d   Thumb Code    12  nrf24l01.o(.text)
    NRF24L01_Configuration                   0x08001429   Thumb Code   158  nrf24l01.o(.text)
    NRF24L01_Read_Buf                        0x080014c7   Thumb Code    64  nrf24l01.o(.text)
    NRF24L01_Write_Buf                       0x08001507   Thumb Code    64  nrf24l01.o(.text)
    NRF24L01_Check                           0x08001547   Thumb Code    68  nrf24l01.o(.text)
    NRF24L01_Write_Reg                       0x0800158b   Thumb Code    44  nrf24l01.o(.text)
    NRF24L01_Read_Reg                        0x080015b7   Thumb Code    42  nrf24l01.o(.text)
    NRF24L01_TxPacket                        0x080015e1   Thumb Code    98  nrf24l01.o(.text)
    NRF24L01_RxPacket                        0x08001643   Thumb Code    52  nrf24l01.o(.text)
    RX_Mode                                  0x08001677   Thumb Code    82  nrf24l01.o(.text)
    TX_Mode                                  0x080016c9   Thumb Code    92  nrf24l01.o(.text)
    TIM_Configuration                        0x0800173d   Thumb Code   280  tim.o(.text)
    ADC_Configuration                        0x08001871   Thumb Code   706  adc.o(.text)
    Get_ADC_Voltage                          0x08001b33   Thumb Code    52  adc.o(.text)
    NVIC_PriorityGroupConfig                 0x08001bad   Thumb Code    10  misc.o(.text)
    NVIC_Init                                0x08001bb7   Thumb Code   102  misc.o(.text)
    NVIC_SetVectorTable                      0x08001c1d   Thumb Code    14  misc.o(.text)
    NVIC_SystemLPConfig                      0x08001c2b   Thumb Code    34  misc.o(.text)
    SysTick_CLKSourceConfig                  0x08001c4d   Thumb Code    40  misc.o(.text)
    ADC_DeInit                               0x08001c89   Thumb Code    90  stm32f10x_adc.o(.text)
    ADC_Init                                 0x08001ce3   Thumb Code    70  stm32f10x_adc.o(.text)
    ADC_StructInit                           0x08001d29   Thumb Code    18  stm32f10x_adc.o(.text)
    ADC_Cmd                                  0x08001d3b   Thumb Code    22  stm32f10x_adc.o(.text)
    ADC_DMACmd                               0x08001d51   Thumb Code    22  stm32f10x_adc.o(.text)
    ADC_ITConfig                             0x08001d67   Thumb Code    24  stm32f10x_adc.o(.text)
    ADC_ResetCalibration                     0x08001d7f   Thumb Code    10  stm32f10x_adc.o(.text)
    ADC_GetResetCalibrationStatus            0x08001d89   Thumb Code    20  stm32f10x_adc.o(.text)
    ADC_StartCalibration                     0x08001d9d   Thumb Code    10  stm32f10x_adc.o(.text)
    ADC_GetCalibrationStatus                 0x08001da7   Thumb Code    20  stm32f10x_adc.o(.text)
    ADC_SoftwareStartConvCmd                 0x08001dbb   Thumb Code    22  stm32f10x_adc.o(.text)
    ADC_GetSoftwareStartConvStatus           0x08001dd1   Thumb Code    20  stm32f10x_adc.o(.text)
    ADC_DiscModeChannelCountConfig           0x08001de5   Thumb Code    24  stm32f10x_adc.o(.text)
    ADC_DiscModeCmd                          0x08001dfd   Thumb Code    22  stm32f10x_adc.o(.text)
    ADC_RegularChannelConfig                 0x08001e13   Thumb Code   184  stm32f10x_adc.o(.text)
    ADC_ExternalTrigConvCmd                  0x08001ecb   Thumb Code    22  stm32f10x_adc.o(.text)
    ADC_GetConversionValue                   0x08001ee1   Thumb Code     8  stm32f10x_adc.o(.text)
    ADC_GetDualModeConversionValue           0x08001ee9   Thumb Code     6  stm32f10x_adc.o(.text)
    ADC_AutoInjectedConvCmd                  0x08001eef   Thumb Code    22  stm32f10x_adc.o(.text)
    ADC_InjectedDiscModeCmd                  0x08001f05   Thumb Code    22  stm32f10x_adc.o(.text)
    ADC_ExternalTrigInjectedConvConfig       0x08001f1b   Thumb Code    16  stm32f10x_adc.o(.text)
    ADC_ExternalTrigInjectedConvCmd          0x08001f2b   Thumb Code    22  stm32f10x_adc.o(.text)
    ADC_SoftwareStartInjectedConvCmd         0x08001f41   Thumb Code    22  stm32f10x_adc.o(.text)
    ADC_GetSoftwareStartInjectedConvCmdStatus 0x08001f57   Thumb Code    20  stm32f10x_adc.o(.text)
    ADC_InjectedChannelConfig                0x08001f6b   Thumb Code   130  stm32f10x_adc.o(.text)
    ADC_InjectedSequencerLengthConfig        0x08001fed   Thumb Code    24  stm32f10x_adc.o(.text)
    ADC_SetInjectedOffset                    0x08002005   Thumb Code     4  stm32f10x_adc.o(.text)
    ADC_GetInjectedConversionValue           0x08002009   Thumb Code    10  stm32f10x_adc.o(.text)
    ADC_AnalogWatchdogCmd                    0x08002013   Thumb Code    16  stm32f10x_adc.o(.text)
    ADC_AnalogWatchdogThresholdsConfig       0x08002023   Thumb Code     6  stm32f10x_adc.o(.text)
    ADC_AnalogWatchdogSingleChannelConfig    0x08002029   Thumb Code    16  stm32f10x_adc.o(.text)
    ADC_TempSensorVrefintCmd                 0x08002039   Thumb Code    38  stm32f10x_adc.o(.text)
    ADC_GetFlagStatus                        0x0800205f   Thumb Code    38  stm32f10x_adc.o(.text)
    ADC_ClearFlag                            0x08002085   Thumb Code     6  stm32f10x_adc.o(.text)
    ADC_GetITStatus                          0x0800208b   Thumb Code    36  stm32f10x_adc.o(.text)
    ADC_ClearITPendingBit                    0x080020af   Thumb Code    10  stm32f10x_adc.o(.text)
    FLASH_SetLatency                         0x080020b9   Thumb Code    18  stm32f10x_flash.o(.text)
    FLASH_HalfCycleAccessCmd                 0x080020cb   Thumb Code    22  stm32f10x_flash.o(.text)
    FLASH_PrefetchBufferCmd                  0x080020e1   Thumb Code    22  stm32f10x_flash.o(.text)
    FLASH_Unlock                             0x080020f7   Thumb Code    12  stm32f10x_flash.o(.text)
    FLASH_Lock                               0x08002103   Thumb Code    14  stm32f10x_flash.o(.text)
    FLASH_GetStatus                          0x08002111   Thumb Code    48  stm32f10x_flash.o(.text)
    FLASH_WaitForLastOperation               0x0800215b   Thumb Code    42  stm32f10x_flash.o(.text)
    FLASH_ErasePage                          0x08002185   Thumb Code    76  stm32f10x_flash.o(.text)
    FLASH_EraseAllPages                      0x080021d1   Thumb Code    72  stm32f10x_flash.o(.text)
    FLASH_EraseOptionBytes                   0x08002219   Thumb Code   142  stm32f10x_flash.o(.text)
    FLASH_ProgramWord                        0x080022a7   Thumb Code   100  stm32f10x_flash.o(.text)
    FLASH_ProgramHalfWord                    0x0800230b   Thumb Code    64  stm32f10x_flash.o(.text)
    FLASH_ProgramOptionByteData              0x0800234b   Thumb Code    72  stm32f10x_flash.o(.text)
    FLASH_EnableWriteProtection              0x08002393   Thumb Code   182  stm32f10x_flash.o(.text)
    FLASH_ReadOutProtection                  0x08002449   Thumb Code   174  stm32f10x_flash.o(.text)
    FLASH_UserOptionByteConfig               0x080024f7   Thumb Code    94  stm32f10x_flash.o(.text)
    FLASH_GetUserOptionByte                  0x08002555   Thumb Code     8  stm32f10x_flash.o(.text)
    FLASH_GetWriteProtectionOptionByte       0x0800255d   Thumb Code     6  stm32f10x_flash.o(.text)
    FLASH_GetReadOutProtectionStatus         0x08002563   Thumb Code    20  stm32f10x_flash.o(.text)
    FLASH_GetPrefetchBufferStatus            0x08002577   Thumb Code    20  stm32f10x_flash.o(.text)
    FLASH_ITConfig                           0x0800258b   Thumb Code    26  stm32f10x_flash.o(.text)
    FLASH_GetFlagStatus                      0x080025a5   Thumb Code    42  stm32f10x_flash.o(.text)
    FLASH_ClearFlag                          0x080025cf   Thumb Code     6  stm32f10x_flash.o(.text)
    GPIO_DeInit                              0x080025e5   Thumb Code   188  stm32f10x_gpio.o(.text)
    GPIO_AFIODeInit                          0x080026a1   Thumb Code    20  stm32f10x_gpio.o(.text)
    GPIO_Init                                0x080026b5   Thumb Code   274  stm32f10x_gpio.o(.text)
    GPIO_StructInit                          0x080027c7   Thumb Code    16  stm32f10x_gpio.o(.text)
    GPIO_ReadInputDataBit                    0x080027d7   Thumb Code    18  stm32f10x_gpio.o(.text)
    GPIO_ReadInputData                       0x080027e9   Thumb Code     8  stm32f10x_gpio.o(.text)
    GPIO_ReadOutputDataBit                   0x080027f1   Thumb Code    18  stm32f10x_gpio.o(.text)
    GPIO_ReadOutputData                      0x08002803   Thumb Code     8  stm32f10x_gpio.o(.text)
    GPIO_SetBits                             0x0800280b   Thumb Code     4  stm32f10x_gpio.o(.text)
    GPIO_ResetBits                           0x0800280f   Thumb Code     4  stm32f10x_gpio.o(.text)
    GPIO_WriteBit                            0x08002813   Thumb Code    10  stm32f10x_gpio.o(.text)
    GPIO_Write                               0x0800281d   Thumb Code     4  stm32f10x_gpio.o(.text)
    GPIO_PinLockConfig                       0x08002821   Thumb Code    18  stm32f10x_gpio.o(.text)
    GPIO_EventOutputConfig                   0x08002833   Thumb Code    26  stm32f10x_gpio.o(.text)
    GPIO_EventOutputCmd                      0x0800284d   Thumb Code     6  stm32f10x_gpio.o(.text)
    GPIO_PinRemapConfig                      0x08002853   Thumb Code   106  stm32f10x_gpio.o(.text)
    GPIO_EXTILineConfig                      0x080028bd   Thumb Code    66  stm32f10x_gpio.o(.text)
    RCC_DeInit                               0x08002911   Thumb Code    62  stm32f10x_rcc.o(.text)
    RCC_HSEConfig                            0x0800294f   Thumb Code    70  stm32f10x_rcc.o(.text)
    RCC_GetFlagStatus                        0x08002995   Thumb Code    56  stm32f10x_rcc.o(.text)
    RCC_WaitForHSEStartUp                    0x080029cd   Thumb Code    54  stm32f10x_rcc.o(.text)
    RCC_AdjustHSICalibrationValue            0x08002a03   Thumb Code    20  stm32f10x_rcc.o(.text)
    RCC_HSICmd                               0x08002a17   Thumb Code     6  stm32f10x_rcc.o(.text)
    RCC_PLLConfig                            0x08002a1d   Thumb Code    24  stm32f10x_rcc.o(.text)
    RCC_PLLCmd                               0x08002a35   Thumb Code     6  stm32f10x_rcc.o(.text)
    RCC_SYSCLKConfig                         0x08002a3b   Thumb Code    18  stm32f10x_rcc.o(.text)
    RCC_GetSYSCLKSource                      0x08002a4d   Thumb Code    10  stm32f10x_rcc.o(.text)
    RCC_HCLKConfig                           0x08002a57   Thumb Code    18  stm32f10x_rcc.o(.text)
    RCC_PCLK1Config                          0x08002a69   Thumb Code    18  stm32f10x_rcc.o(.text)
    RCC_PCLK2Config                          0x08002a7b   Thumb Code    20  stm32f10x_rcc.o(.text)
    RCC_ITConfig                             0x08002a8f   Thumb Code    26  stm32f10x_rcc.o(.text)
    RCC_USBCLKConfig                         0x08002aa9   Thumb Code     6  stm32f10x_rcc.o(.text)
    RCC_ADCCLKConfig                         0x08002aaf   Thumb Code    18  stm32f10x_rcc.o(.text)
    RCC_LSEConfig                            0x08002ac1   Thumb Code    44  stm32f10x_rcc.o(.text)
    RCC_LSICmd                               0x08002aed   Thumb Code     6  stm32f10x_rcc.o(.text)
    RCC_RTCCLKConfig                         0x08002af3   Thumb Code    12  stm32f10x_rcc.o(.text)
    RCC_RTCCLKCmd                            0x08002aff   Thumb Code     8  stm32f10x_rcc.o(.text)
    RCC_GetClocksFreq                        0x08002b07   Thumb Code   192  stm32f10x_rcc.o(.text)
    RCC_AHBPeriphClockCmd                    0x08002bc7   Thumb Code    26  stm32f10x_rcc.o(.text)
    RCC_APB2PeriphClockCmd                   0x08002be1   Thumb Code    26  stm32f10x_rcc.o(.text)
    RCC_APB1PeriphClockCmd                   0x08002bfb   Thumb Code    26  stm32f10x_rcc.o(.text)
    RCC_APB2PeriphResetCmd                   0x08002c15   Thumb Code    26  stm32f10x_rcc.o(.text)
    RCC_APB1PeriphResetCmd                   0x08002c2f   Thumb Code    26  stm32f10x_rcc.o(.text)
    RCC_BackupResetCmd                       0x08002c49   Thumb Code     8  stm32f10x_rcc.o(.text)
    RCC_ClockSecuritySystemCmd               0x08002c51   Thumb Code     6  stm32f10x_rcc.o(.text)
    RCC_MCOConfig                            0x08002c57   Thumb Code     6  stm32f10x_rcc.o(.text)
    RCC_ClearFlag                            0x08002c5d   Thumb Code    14  stm32f10x_rcc.o(.text)
    RCC_GetITStatus                          0x08002c6b   Thumb Code    20  stm32f10x_rcc.o(.text)
    RCC_ClearITPendingBit                    0x08002c7f   Thumb Code     6  stm32f10x_rcc.o(.text)
    SPI_I2S_DeInit                           0x08002cb1   Thumb Code    88  stm32f10x_spi.o(.text)
    SPI_Init                                 0x08002d09   Thumb Code    60  stm32f10x_spi.o(.text)
    I2S_Init                                 0x08002d45   Thumb Code   210  stm32f10x_spi.o(.text)
    SPI_StructInit                           0x08002e17   Thumb Code    24  stm32f10x_spi.o(.text)
    I2S_StructInit                           0x08002e2f   Thumb Code    20  stm32f10x_spi.o(.text)
    SPI_Cmd                                  0x08002e43   Thumb Code    24  stm32f10x_spi.o(.text)
    I2S_Cmd                                  0x08002e5b   Thumb Code    24  stm32f10x_spi.o(.text)
    SPI_I2S_ITConfig                         0x08002e73   Thumb Code    32  stm32f10x_spi.o(.text)
    SPI_I2S_DMACmd                           0x08002e93   Thumb Code    18  stm32f10x_spi.o(.text)
    SPI_I2S_SendData                         0x08002ea5   Thumb Code     4  stm32f10x_spi.o(.text)
    SPI_I2S_ReceiveData                      0x08002ea9   Thumb Code     6  stm32f10x_spi.o(.text)
    SPI_NSSInternalSoftwareConfig            0x08002eaf   Thumb Code    30  stm32f10x_spi.o(.text)
    SPI_SSOutputCmd                          0x08002ecd   Thumb Code    24  stm32f10x_spi.o(.text)
    SPI_DataSizeConfig                       0x08002ee5   Thumb Code    18  stm32f10x_spi.o(.text)
    SPI_TransmitCRC                          0x08002ef7   Thumb Code    10  stm32f10x_spi.o(.text)
    SPI_CalculateCRC                         0x08002f01   Thumb Code    24  stm32f10x_spi.o(.text)
    SPI_GetCRC                               0x08002f19   Thumb Code    16  stm32f10x_spi.o(.text)
    SPI_GetCRCPolynomial                     0x08002f29   Thumb Code     6  stm32f10x_spi.o(.text)
    SPI_BiDirectionalLineConfig              0x08002f2f   Thumb Code    28  stm32f10x_spi.o(.text)
    SPI_I2S_GetFlagStatus                    0x08002f4b   Thumb Code    18  stm32f10x_spi.o(.text)
    SPI_I2S_ClearFlag                        0x08002f5d   Thumb Code     6  stm32f10x_spi.o(.text)
    SPI_I2S_GetITStatus                      0x08002f63   Thumb Code    52  stm32f10x_spi.o(.text)
    SPI_I2S_ClearITPendingBit                0x08002f97   Thumb Code    20  stm32f10x_spi.o(.text)
    TIM_DeInit                               0x08002fb1   Thumb Code   214  stm32f10x_tim.o(.text)
    TIM_TimeBaseInit                         0x08003087   Thumb Code    50  stm32f10x_tim.o(.text)
    TIM_OC1Init                              0x080030b9   Thumb Code   110  stm32f10x_tim.o(.text)
    TIM_OC2Init                              0x08003127   Thumb Code   148  stm32f10x_tim.o(.text)
    TIM_OC3Init                              0x080031bb   Thumb Code   144  stm32f10x_tim.o(.text)
    TIM_OC4Init                              0x0800324b   Thumb Code   106  stm32f10x_tim.o(.text)
    TIM_SetIC4Prescaler                      0x080032b5   Thumb Code    26  stm32f10x_tim.o(.text)
    TIM_SetIC3Prescaler                      0x08003321   Thumb Code    18  stm32f10x_tim.o(.text)
    TIM_SetIC2Prescaler                      0x0800337b   Thumb Code    42  stm32f10x_tim.o(.text)
    TIM_SetIC1Prescaler                      0x080033f5   Thumb Code    18  stm32f10x_tim.o(.text)
    TIM_ICInit                               0x0800343f   Thumb Code   110  stm32f10x_tim.o(.text)
    TIM_PWMIConfig                           0x080034ad   Thumb Code   124  stm32f10x_tim.o(.text)
    TIM_BDTRConfig                           0x08003529   Thumb Code    32  stm32f10x_tim.o(.text)
    TIM_TimeBaseStructInit                   0x08003549   Thumb Code    18  stm32f10x_tim.o(.text)
    TIM_OCStructInit                         0x0800355b   Thumb Code    20  stm32f10x_tim.o(.text)
    TIM_ICStructInit                         0x0800356f   Thumb Code    18  stm32f10x_tim.o(.text)
    TIM_BDTRStructInit                       0x08003581   Thumb Code    18  stm32f10x_tim.o(.text)
    TIM_Cmd                                  0x08003593   Thumb Code    24  stm32f10x_tim.o(.text)
    TIM_CtrlPWMOutputs                       0x080035ab   Thumb Code    30  stm32f10x_tim.o(.text)
    TIM_ITConfig                             0x080035c9   Thumb Code    18  stm32f10x_tim.o(.text)
    TIM_GenerateEvent                        0x080035db   Thumb Code     4  stm32f10x_tim.o(.text)
    TIM_DMAConfig                            0x080035df   Thumb Code    10  stm32f10x_tim.o(.text)
    TIM_DMACmd                               0x080035e9   Thumb Code    18  stm32f10x_tim.o(.text)
    TIM_InternalClockConfig                  0x080035fb   Thumb Code    12  stm32f10x_tim.o(.text)
    TIM_SelectInputTrigger                   0x08003607   Thumb Code    18  stm32f10x_tim.o(.text)
    TIM_ITRxExternalClockConfig              0x08003619   Thumb Code    24  stm32f10x_tim.o(.text)
    TIM_TIxExternalClockConfig               0x08003631   Thumb Code    62  stm32f10x_tim.o(.text)
    TIM_ETRConfig                            0x0800366f   Thumb Code    30  stm32f10x_tim.o(.text)
    TIM_ETRClockMode1Config                  0x0800368d   Thumb Code    54  stm32f10x_tim.o(.text)
    TIM_ETRClockMode2Config                  0x080036c3   Thumb Code    32  stm32f10x_tim.o(.text)
    TIM_PrescalerConfig                      0x080036e3   Thumb Code     6  stm32f10x_tim.o(.text)
    TIM_CounterModeConfig                    0x080036e9   Thumb Code    18  stm32f10x_tim.o(.text)
    TIM_EncoderInterfaceConfig               0x080036fb   Thumb Code    66  stm32f10x_tim.o(.text)
    TIM_ForcedOC1Config                      0x0800373d   Thumb Code    18  stm32f10x_tim.o(.text)
    TIM_ForcedOC2Config                      0x0800374f   Thumb Code    26  stm32f10x_tim.o(.text)
    TIM_ForcedOC3Config                      0x08003769   Thumb Code    18  stm32f10x_tim.o(.text)
    TIM_ForcedOC4Config                      0x0800377b   Thumb Code    26  stm32f10x_tim.o(.text)
    TIM_ARRPreloadConfig                     0x08003795   Thumb Code    24  stm32f10x_tim.o(.text)
    TIM_SelectCOM                            0x080037ad   Thumb Code    24  stm32f10x_tim.o(.text)
    TIM_SelectCCDMA                          0x080037c5   Thumb Code    24  stm32f10x_tim.o(.text)
    TIM_CCPreloadControl                     0x080037dd   Thumb Code    24  stm32f10x_tim.o(.text)
    TIM_OC1PreloadConfig                     0x080037f5   Thumb Code    18  stm32f10x_tim.o(.text)
    TIM_OC2PreloadConfig                     0x08003807   Thumb Code    26  stm32f10x_tim.o(.text)
    TIM_OC3PreloadConfig                     0x08003821   Thumb Code    18  stm32f10x_tim.o(.text)
    TIM_OC4PreloadConfig                     0x08003833   Thumb Code    26  stm32f10x_tim.o(.text)
    TIM_OC1FastConfig                        0x0800384d   Thumb Code    18  stm32f10x_tim.o(.text)
    TIM_OC2FastConfig                        0x0800385f   Thumb Code    26  stm32f10x_tim.o(.text)
    TIM_OC3FastConfig                        0x08003879   Thumb Code    18  stm32f10x_tim.o(.text)
    TIM_OC4FastConfig                        0x0800388b   Thumb Code    26  stm32f10x_tim.o(.text)
    TIM_ClearOC1Ref                          0x080038a5   Thumb Code    18  stm32f10x_tim.o(.text)
    TIM_ClearOC2Ref                          0x080038b7   Thumb Code    24  stm32f10x_tim.o(.text)
    TIM_ClearOC3Ref                          0x080038cf   Thumb Code    18  stm32f10x_tim.o(.text)
    TIM_ClearOC4Ref                          0x080038e1   Thumb Code    24  stm32f10x_tim.o(.text)
    TIM_OC1PolarityConfig                    0x080038f9   Thumb Code    18  stm32f10x_tim.o(.text)
    TIM_OC1NPolarityConfig                   0x0800390b   Thumb Code    18  stm32f10x_tim.o(.text)
    TIM_OC2PolarityConfig                    0x0800391d   Thumb Code    26  stm32f10x_tim.o(.text)
    TIM_OC2NPolarityConfig                   0x08003937   Thumb Code    26  stm32f10x_tim.o(.text)
    TIM_OC3PolarityConfig                    0x08003951   Thumb Code    26  stm32f10x_tim.o(.text)
    TIM_OC3NPolarityConfig                   0x0800396b   Thumb Code    26  stm32f10x_tim.o(.text)
    TIM_OC4PolarityConfig                    0x08003985   Thumb Code    26  stm32f10x_tim.o(.text)
    TIM_CCxCmd                               0x0800399f   Thumb Code    26  stm32f10x_tim.o(.text)
    TIM_CCxNCmd                              0x080039b9   Thumb Code    26  stm32f10x_tim.o(.text)
    TIM_SelectOCxM                           0x080039d3   Thumb Code   134  stm32f10x_tim.o(.text)
    TIM_UpdateDisableConfig                  0x08003a59   Thumb Code    24  stm32f10x_tim.o(.text)
    TIM_UpdateRequestConfig                  0x08003a71   Thumb Code    24  stm32f10x_tim.o(.text)
    TIM_SelectHallSensor                     0x08003a89   Thumb Code    24  stm32f10x_tim.o(.text)
    TIM_SelectOnePulseMode                   0x08003aa1   Thumb Code    18  stm32f10x_tim.o(.text)
    TIM_SelectOutputTrigger                  0x08003ab3   Thumb Code    18  stm32f10x_tim.o(.text)
    TIM_SelectSlaveMode                      0x08003ac5   Thumb Code    18  stm32f10x_tim.o(.text)
    TIM_SelectMasterSlaveMode                0x08003ad7   Thumb Code    18  stm32f10x_tim.o(.text)
    TIM_SetCounter                           0x08003ae9   Thumb Code     4  stm32f10x_tim.o(.text)
    TIM_SetAutoreload                        0x08003aed   Thumb Code     4  stm32f10x_tim.o(.text)
    TIM_SetCompare1                          0x08003af1   Thumb Code     4  stm32f10x_tim.o(.text)
    TIM_SetCompare2                          0x08003af5   Thumb Code     4  stm32f10x_tim.o(.text)
    TIM_SetCompare3                          0x08003af9   Thumb Code     4  stm32f10x_tim.o(.text)
    TIM_SetCompare4                          0x08003afd   Thumb Code     6  stm32f10x_tim.o(.text)
    TIM_SetClockDivision                     0x08003b03   Thumb Code    14  stm32f10x_tim.o(.text)
    TIM_GetCapture1                          0x08003b11   Thumb Code     6  stm32f10x_tim.o(.text)
    TIM_GetCapture2                          0x08003b17   Thumb Code     6  stm32f10x_tim.o(.text)
    TIM_GetCapture3                          0x08003b1d   Thumb Code     6  stm32f10x_tim.o(.text)
    TIM_GetCapture4                          0x08003b23   Thumb Code     8  stm32f10x_tim.o(.text)
    TIM_GetCounter                           0x08003b2b   Thumb Code     6  stm32f10x_tim.o(.text)
    TIM_GetPrescaler                         0x08003b31   Thumb Code     6  stm32f10x_tim.o(.text)
    TIM_GetFlagStatus                        0x08003b37   Thumb Code    18  stm32f10x_tim.o(.text)
    TIM_ClearFlag                            0x08003b49   Thumb Code     6  stm32f10x_tim.o(.text)
    TIM_GetITStatus                          0x08003b4f   Thumb Code    34  stm32f10x_tim.o(.text)
    TIM_ClearITPendingBit                    0x08003b71   Thumb Code     6  stm32f10x_tim.o(.text)
    USART_DeInit                             0x08003b79   Thumb Code   146  stm32f10x_usart.o(.text)
    USART_Init                               0x08003c0b   Thumb Code   150  stm32f10x_usart.o(.text)
    USART_StructInit                         0x08003ca1   Thumb Code    24  stm32f10x_usart.o(.text)
    USART_ClockInit                          0x08003cb9   Thumb Code    34  stm32f10x_usart.o(.text)
    USART_ClockStructInit                    0x08003cdb   Thumb Code    12  stm32f10x_usart.o(.text)
    USART_Cmd                                0x08003ce7   Thumb Code    24  stm32f10x_usart.o(.text)
    USART_ITConfig                           0x08003cff   Thumb Code    64  stm32f10x_usart.o(.text)
    USART_DMACmd                             0x08003d3f   Thumb Code    18  stm32f10x_usart.o(.text)
    USART_SetAddress                         0x08003d51   Thumb Code    18  stm32f10x_usart.o(.text)
    USART_WakeUpConfig                       0x08003d63   Thumb Code    18  stm32f10x_usart.o(.text)
    USART_ReceiverWakeUpCmd                  0x08003d75   Thumb Code    24  stm32f10x_usart.o(.text)
    USART_LINBreakDetectLengthConfig         0x08003d8d   Thumb Code    18  stm32f10x_usart.o(.text)
    USART_LINCmd                             0x08003d9f   Thumb Code    24  stm32f10x_usart.o(.text)
    USART_SendData                           0x08003db7   Thumb Code     8  stm32f10x_usart.o(.text)
    USART_ReceiveData                        0x08003dbf   Thumb Code    10  stm32f10x_usart.o(.text)
    USART_SendBreak                          0x08003dc9   Thumb Code    10  stm32f10x_usart.o(.text)
    USART_SetGuardTime                       0x08003dd3   Thumb Code    16  stm32f10x_usart.o(.text)
    USART_SetPrescaler                       0x08003de3   Thumb Code    16  stm32f10x_usart.o(.text)
    USART_SmartCardCmd                       0x08003df3   Thumb Code    24  stm32f10x_usart.o(.text)
    USART_SmartCardNACKCmd                   0x08003e0b   Thumb Code    24  stm32f10x_usart.o(.text)
    USART_HalfDuplexCmd                      0x08003e23   Thumb Code    24  stm32f10x_usart.o(.text)
    USART_IrDAConfig                         0x08003e3b   Thumb Code    18  stm32f10x_usart.o(.text)
    USART_IrDACmd                            0x08003e4d   Thumb Code    24  stm32f10x_usart.o(.text)
    USART_GetFlagStatus                      0x08003e65   Thumb Code    18  stm32f10x_usart.o(.text)
    USART_ClearFlag                          0x08003e77   Thumb Code     6  stm32f10x_usart.o(.text)
    USART_GetITStatus                        0x08003e7d   Thumb Code    76  stm32f10x_usart.o(.text)
    USART_ClearITPendingBit                  0x08003ec9   Thumb Code    20  stm32f10x_usart.o(.text)
    __aeabi_f2d                              0x08003ee9   Thumb Code    38  f2d.o(.text)
    __aeabi_cdcmpeq                          0x08003f11   Thumb Code     0  cdcmple.o(.text)
    __aeabi_cdcmple                          0x08003f11   Thumb Code    38  cdcmple.o(.text)
    __I$use$fp                               0x08003f39   Thumb Code     0  iusefp.o(.text)
    __scatterload                            0x08003f39   Thumb Code    28  init.o(.text)
    __scatterload_rt2                        0x08003f39   Thumb Code     0  init.o(.text)
    __0printf$bare                           0x08003f5d   Thumb Code     8  printfb.o(i.__0printf$bare)
    __1printf$bare                           0x08003f5d   Thumb Code     0  printfb.o(i.__0printf$bare)
    __2printf                                0x08003f5d   Thumb Code     0  printfb.o(i.__0printf$bare)
    __scatterload_copy                       0x08003f6d   Thumb Code    14  handlers.o(i.__scatterload_copy)
    __scatterload_null                       0x08003f7b   Thumb Code     2  handlers.o(i.__scatterload_null)
    __scatterload_zeroinit                   0x08003f7d   Thumb Code    14  handlers.o(i.__scatterload_zeroinit)
    TX_ADDRESS                               0x08003fac   Data           5  nrf24l01.o(.constdata)
    RX_ADDRESS                               0x08003fb1   Data           5  nrf24l01.o(.constdata)
    Region$$Table$$Base                      0x08003fb8   Number         0  anon$$obj.o(Region$$Table)
    Region$$Table$$Limit                     0x08003fd8   Number         0  anon$$obj.o(Region$$Table)
    USART_mark                               0x20000000   Data           1  main.o(.data)
    Press_mark                               0x20000001   Data           1  main.o(.data)
    USART_control                            0x20000004   Data           4  main.o(.data)
    USART_data                               0x20000008   Data           4  main.o(.data)
    Trg                                      0x2000000c   Data           1  main.o(.data)
    Cont                                     0x2000000d   Data           1  main.o(.data)
    USARTx_MARK                              0x2000000e   Data           1  usart.o(.data)
    GYRO_XOFFSET                             0x20000014   Data           4  mpu6050.o(.data)
    GYRO_YOFFSET                             0x20000018   Data           4  mpu6050.o(.data)
    GYRO_ZOFFSET                             0x2000001c   Data           4  mpu6050.o(.data)
    GYRO_AVG_X                               0x20000020   Data           4  mpu6050.o(.data)
    GYRO_AVG_Y                               0x20000024   Data           4  mpu6050.o(.data)
    GYRO_AVG_Z                               0x20000028   Data           4  mpu6050.o(.data)
    X24                                      0x2000002c   Data           4  mpu6050.o(.data)
    Y24                                      0x20000030   Data           4  mpu6050.o(.data)
    AD_value                                 0x20000038   Data           4  adc.o(.data)
    Precent                                  0x2000003c   Data           4  adc.o(.data)
    Voltage                                  0x20000040   Data           4  adc.o(.data)
    __stdout                                 0x20000058   Data           4  stdout.o(.data)
    USART_RX                                 0x2000005c   Data          60  main.o(.bss)
    TXbag                                    0x20000098   Data          16  main.o(.bss)
    RXbag                                    0x200000a8   Data          16  main.o(.bss)
    mpu6050_buffer                           0x200000b8   Data          12  mpu6050.o(.bss)
    GYRO_X_BUF                               0x200000c4   Data          40  mpu6050.o(.bss)
    GYRO_Y_BUF                               0x200000ec   Data          40  mpu6050.o(.bss)
    GYRO_Z_BUF                               0x20000114   Data          40  mpu6050.o(.bss)
    __initial_sp                             0x20000340   Data           0  startup_stm32f10x_hd.o(STACK)



==============================================================================

Memory Map of the image

  Image Entry point : 0x08000131

  Load Region LR_IROM1 (Base: 0x08000000, Size: 0x00004034, Max: 0x00010000, ABSOLUTE)

    Execution Region ER_IROM1 (Base: 0x08000000, Size: 0x00003fd8, Max: 0x00010000, ABSOLUTE)

    Base Addr    Size         Type   Attr      Idx    E Section Name        Object

    0x08000000   0x00000130   Data   RO           94    RESET               startup_stm32f10x_hd.o
    0x08000130   0x00000000   Code   RO          641  * .ARM.Collect$$$$00000000  mc_w.l(entry.o)
    0x08000130   0x00000004   Code   RO          908    .ARM.Collect$$$$00000001  mc_w.l(entry2.o)
    0x08000134   0x00000004   Code   RO          911    .ARM.Collect$$$$00000004  mc_w.l(entry5.o)
    0x08000138   0x00000000   Code   RO          913    .ARM.Collect$$$$00000008  mc_w.l(entry7b.o)
    0x08000138   0x00000000   Code   RO          915    .ARM.Collect$$$$0000000A  mc_w.l(entry8b.o)
    0x08000138   0x00000008   Code   RO          916    .ARM.Collect$$$$0000000B  mc_w.l(entry9a.o)
    0x08000140   0x00000000   Code   RO          918    .ARM.Collect$$$$0000000D  mc_w.l(entry10a.o)
    0x08000140   0x00000000   Code   RO          920    .ARM.Collect$$$$0000000F  mc_w.l(entry11a.o)
    0x08000140   0x00000004   Code   RO          909    .ARM.Collect$$$$00002712  mc_w.l(entry2.o)
    0x08000144   0x00000030   Code   RO           95    .text               startup_stm32f10x_hd.o
    0x08000174   0x000001a0   Code   RO           99    .text               main.o
    0x08000314   0x000000d8   Code   RO          211    .text               stm32f10x_it.o
    0x080003ec   0x000000c8   Code   RO          227    .text               gpio.o
    0x080004b4   0x00000774   Code   RO          239    .text               usart.o
    0x08000c28   0x000001cc   Code   RO          255    .text               delay.o
    0x08000df4   0x00000140   Code   RO          272    .text               mpu6050.o
    0x08000f34   0x0000025c   Code   RO          306    .text               iic.o
    0x08001190   0x00000284   Code   RO          324    .text               spi.o
    0x08001414   0x00000328   Code   RO          339    .text               nrf24l01.o
    0x0800173c   0x00000134   Code   RO          378    .text               tim.o
    0x08001870   0x0000033c   Code   RO          393    .text               adc.o
    0x08001bac   0x000000dc   Code   RO          413    .text               STM32_lib_3.0.lib(misc.o)
    0x08001c88   0x00000430   Code   RO          501    .text               STM32_lib_3.0.lib(stm32f10x_adc.o)
    0x080020b8   0x0000052c   Code   RO          521    .text               STM32_lib_3.0.lib(stm32f10x_flash.o)
    0x080025e4   0x0000032c   Code   RO          541    .text               STM32_lib_3.0.lib(stm32f10x_gpio.o)
    0x08002910   0x000003a0   Code   RO          561    .text               STM32_lib_3.0.lib(stm32f10x_rcc.o)
    0x08002cb0   0x00000300   Code   RO          583    .text               STM32_lib_3.0.lib(stm32f10x_spi.o)
    0x08002fb0   0x00000bc6   Code   RO          603    .text               STM32_lib_3.0.lib(stm32f10x_tim.o)
    0x08003b76   0x00000002   PAD
    0x08003b78   0x00000370   Code   RO          623    .text               STM32_lib_3.0.lib(stm32f10x_usart.o)
    0x08003ee8   0x00000026   Code   RO          904    .text               mf_w.l(f2d.o)
    0x08003f0e   0x00000002   PAD
    0x08003f10   0x00000028   Code   RO          906    .text               mf_w.l(cdcmple.o)
    0x08003f38   0x00000000   Code   RO          927    .text               mc_w.l(iusefp.o)
    0x08003f38   0x00000024   Code   RO          938    .text               mc_w.l(init.o)
    0x08003f5c   0x00000010   Code   RO          645    i.__0printf$bare    mc_w.l(printfb.o)
    0x08003f6c   0x0000000e   Code   RO          950    i.__scatterload_copy  mc_w.l(handlers.o)
    0x08003f7a   0x00000002   Code   RO          951    i.__scatterload_null  mc_w.l(handlers.o)
    0x08003f7c   0x0000000e   Code   RO          952    i.__scatterload_zeroinit  mc_w.l(handlers.o)
    0x08003f8a   0x00000022   Code   RO          652    i._printf_core      mc_w.l(printfb.o)
    0x08003fac   0x0000000a   Data   RO          340    .constdata          nrf24l01.o
    0x08003fb6   0x00000002   PAD
    0x08003fb8   0x00000020   Data   RO          948    Region$$Table       anon$$obj.o


    Execution Region RW_IRAM1 (Base: 0x20000000, Size: 0x00000340, Max: 0x00005000, ABSOLUTE)

    Base Addr    Size         Type   Attr      Idx    E Section Name        Object

    0x20000000   0x0000000e   Data   RW          101    .data               main.o
    0x2000000e   0x00000001   Data   RW          240    .data               usart.o
    0x2000000f   0x00000001   PAD
    0x20000010   0x00000004   Data   RW          256    .data               delay.o
    0x20000014   0x00000021   Data   RW          274    .data               mpu6050.o
    0x20000035   0x00000003   PAD
    0x20000038   0x0000000c   Data   RW          394    .data               adc.o
    0x20000044   0x00000014   Data   RW          562    .data               STM32_lib_3.0.lib(stm32f10x_rcc.o)
    0x20000058   0x00000004   Data   RW          922    .data               mc_w.l(stdout.o)
    0x2000005c   0x0000005c   Zero   RW          100    .bss                main.o
    0x200000b8   0x00000084   Zero   RW          273    .bss                mpu6050.o
    0x2000013c   0x00000004   PAD
    0x20000140   0x00000200   Zero   RW           92    STACK               startup_stm32f10x_hd.o


==============================================================================

Image component sizes


      Code (inc. data)   RO Data    RW Data    ZI Data      Debug   Object Name

       828         70          0         12          0       2071   adc.o
         0          0          0          0          0       4304   core_cm3.o
       460         30          0          4          0       6016   delay.o
       200         30          0          0          0        971   gpio.o
       604         12          0          0          0       2304   iic.o
       416         42          0         14         92     256085   main.o
       320         46          0         33        132       2318   mpu6050.o
       808         24         10          0          0       3938   nrf24l01.o
       644         20          0          0          0       2052   spi.o
        48         12        304          0        512        816   startup_stm32f10x_hd.o
       216         38          0          0          0        764   stm32f10x_it.o
       308         28          0          0          0       1160   tim.o
      1908        270          0          1          0       4141   usart.o

    ----------------------------------------------------------------------
      6760        622        348         68        740     286940   Object Totals
         0          0         32          0          0          0   (incl. Generated)
         0          0          2          4          4          0   (incl. Padding)

    ----------------------------------------------------------------------

      Code (inc. data)   RO Data    RW Data    ZI Data      Debug   Library Member Name

       220         20          0          0          0     275653   misc.o
      1072         20          0          0          0      10521   stm32f10x_adc.o
      1324         34          0          0          0       6926   stm32f10x_flash.o
       812         18          0          0          0       4955   stm32f10x_gpio.o
       928         44          0         20          0       8516   stm32f10x_rcc.o
       768          6          0          0          0       6098   stm32f10x_spi.o
      3014         16          0          0          0      23660   stm32f10x_tim.o
       880         12          0          0          0       7563   stm32f10x_usart.o
         0          0          0          0          0          0   entry.o
         0          0          0          0          0          0   entry10a.o
         0          0          0          0          0          0   entry11a.o
         8          4          0          0          0          0   entry2.o
         4          0          0          0          0          0   entry5.o
         0          0          0          0          0          0   entry7b.o
         0          0          0          0          0          0   entry8b.o
         8          4          0          0          0          0   entry9a.o
        30          0          0          0          0          0   handlers.o
        36          8          0          0          0         68   init.o
         0          0          0          0          0          0   iusefp.o
        50          8          0          0          0        152   printfb.o
         0          0          0          4          0          0   stdout.o
        40          2          0          0          0         68   cdcmple.o
        38          0          0          0          0         68   f2d.o

    ----------------------------------------------------------------------
      9236        196          0         24          0     344248   Library Totals
         4          0          0          0          0          0   (incl. Padding)

    ----------------------------------------------------------------------

      Code (inc. data)   RO Data    RW Data    ZI Data      Debug   Library Name

      9018        170          0         20          0     343892   STM32_lib_3.0.lib
       136         24          0          4          0        220   mc_w.l
        78          2          0          0          0        136   mf_w.l

    ----------------------------------------------------------------------
      9236        196          0         24          0     344248   Library Totals

    ----------------------------------------------------------------------

==============================================================================


      Code (inc. data)   RO Data    RW Data    ZI Data      Debug   

     15996        818        348         92        740     629312   Grand Totals
     15996        818        348         92        740     629312   ELF Image Totals
     15996        818        348         92          0          0   ROM Totals

==============================================================================

    Total RO  Size (Code + RO Data)                16344 (  15.96kB)
    Total RW  Size (RW Data + ZI Data)               832 (   0.81kB)
    Total ROM Size (Code + RO Data + RW Data)      16436 (  16.05kB)

==============================================================================

